Archive member included to satisfy reference by file (symbol)

C:\Users\PLANTIUM\Documents\MCUXpressoIDE_11.8.0_1165\workspace\CSP_rt1064\Debug\libCSP_rt1064.a(eeprom_virtual.o)
                              ./drivers/mtd/eeprom_virtual_W25Q32JV.o (EE_Init)
C:\Users\PLANTIUM\Documents\MCUXpressoIDE_11.8.0_1165\workspace\CSP_rt1064\Debug\libCSP_rt1064.a(sflash_W25Q32JV.o)
                              ./drivers/mtd/externalflash_W25Q32JV.o (SFLASH_init)
C:\Users\PLANTIUM\Documents\MCUXpressoIDE_11.8.0_1165\workspace\CSP_rt1064\Debug\libCSP_rt1064.a(fsl_cache.o)
                              C:\Users\PLANTIUM\Documents\MCUXpressoIDE_11.8.0_1165\workspace\CSP_rt1064\Debug\libCSP_rt1064.a(sflash_W25Q32JV.o) (DCACHE_InvalidateByRange)
C:\Users\PLANTIUM\Documents\MCUXpressoIDE_11.8.0_1165\workspace\CSP_rt1064\Debug\libCSP_rt1064.a(fsl_flexspi.o)
                              C:\Users\PLANTIUM\Documents\MCUXpressoIDE_11.8.0_1165\workspace\CSP_rt1064\Debug\libCSP_rt1064.a(sflash_W25Q32JV.o) (FLEXSPI_UpdateLUT)
c:/nxp/mcuxpressoide_11.8.0_1165/ide/plugins/com.nxp.mcuxpresso.tools.win32_11.8.0.202306131047/tools/bin/../lib/gcc/arm-none-eabi/12.2.1/../../../../arm-none-eabi/lib/thumb/v7e-m+fp/hard\libcr_nohost_nf.a(_cr__main.o)
                              ./startup/startup_mimxrt1064.o (__main)
c:/nxp/mcuxpressoide_11.8.0_1165/ide/plugins/com.nxp.mcuxpresso.tools.win32_11.8.0.202306131047/tools/bin/../lib/gcc/arm-none-eabi/12.2.1/../../../../arm-none-eabi/lib/thumb/v7e-m+fp/hard\libcr_c.a(memcpy.o)
                              ./utilities/fsl_str.o (memcpy)
c:/nxp/mcuxpressoide_11.8.0_1165/ide/plugins/com.nxp.mcuxpresso.tools.win32_11.8.0.202306131047/tools/bin/../lib/gcc/arm-none-eabi/12.2.1/../../../../arm-none-eabi/lib/thumb/v7e-m+fp/hard\libcr_c.a(memset.o)
                              ./utilities/fsl_debug_console.o (memset)
c:/nxp/mcuxpressoide_11.8.0_1165/ide/plugins/com.nxp.mcuxpresso.tools.win32_11.8.0.202306131047/tools/bin/../lib/gcc/arm-none-eabi/12.2.1/../../../../arm-none-eabi/lib/thumb/v7e-m+fp/hard\libcr_c.a(alloc.o)
                              ./drivers/fsl_common.o (malloc)
c:/nxp/mcuxpressoide_11.8.0_1165/ide/plugins/com.nxp.mcuxpresso.tools.win32_11.8.0.202306131047/tools/bin/../lib/gcc/arm-none-eabi/12.2.1/../../../../arm-none-eabi/lib/thumb/v7e-m+fp/hard\libcr_c.a(errno.o)
                              ./utilities/fsl_str.o (errno)
c:/nxp/mcuxpressoide_11.8.0_1165/ide/plugins/com.nxp.mcuxpresso.tools.win32_11.8.0.202306131047/tools/bin/../lib/gcc/arm-none-eabi/12.2.1/../../../../arm-none-eabi/lib/thumb/v7e-m+fp/hard\libcr_c.a(initio.o)
                              c:/nxp/mcuxpressoide_11.8.0_1165/ide/plugins/com.nxp.mcuxpresso.tools.win32_11.8.0.202306131047/tools/bin/../lib/gcc/arm-none-eabi/12.2.1/../../../../arm-none-eabi/lib/thumb/v7e-m+fp/hard\libcr_nohost_nf.a(_cr__main.o) (_initio)
c:/nxp/mcuxpressoide_11.8.0_1165/ide/plugins/com.nxp.mcuxpresso.tools.win32_11.8.0.202306131047/tools/bin/../lib/gcc/arm-none-eabi/12.2.1/../../../../arm-none-eabi/lib/thumb/v7e-m+fp/hard\libcr_c.a(memcmp.o)
                              C:\Users\PLANTIUM\Documents\MCUXpressoIDE_11.8.0_1165\workspace\CSP_rt1064\Debug\libCSP_rt1064.a(sflash_W25Q32JV.o) (memcmp)
c:/nxp/mcuxpressoide_11.8.0_1165/ide/plugins/com.nxp.mcuxpresso.tools.win32_11.8.0.202306131047/tools/bin/../lib/gcc/arm-none-eabi/12.2.1/../../../../arm-none-eabi/lib/thumb/v7e-m+fp/hard\libcr_c.a(scanf.o)
                              ./utilities/fsl_str.o (strtoul)
c:/nxp/mcuxpressoide_11.8.0_1165/ide/plugins/com.nxp.mcuxpresso.tools.win32_11.8.0.202306131047/tools/bin/../lib/gcc/arm-none-eabi/12.2.1/../../../../arm-none-eabi/lib/thumb/v7e-m+fp/hard\libcr_c.a(setvbuf.o)
                              c:/nxp/mcuxpressoide_11.8.0_1165/ide/plugins/com.nxp.mcuxpresso.tools.win32_11.8.0.202306131047/tools/bin/../lib/gcc/arm-none-eabi/12.2.1/../../../../arm-none-eabi/lib/thumb/v7e-m+fp/hard\libcr_c.a(initio.o) (setvbuf)
c:/nxp/mcuxpressoide_11.8.0_1165/ide/plugins/com.nxp.mcuxpresso.tools.win32_11.8.0.202306131047/tools/bin/../lib/gcc/arm-none-eabi/12.2.1/../../../../arm-none-eabi/lib/thumb/v7e-m+fp/hard\libcr_c.a(strlen.o)
                              ./utilities/fsl_str.o (strlen)
c:/nxp/mcuxpressoide_11.8.0_1165/ide/plugins/com.nxp.mcuxpresso.tools.win32_11.8.0.202306131047/tools/bin/../lib/gcc/arm-none-eabi/12.2.1/../../../../arm-none-eabi/lib/thumb/v7e-m+fp/hard\libcr_c.a(ungetc.o)
                              c:/nxp/mcuxpressoide_11.8.0_1165/ide/plugins/com.nxp.mcuxpresso.tools.win32_11.8.0.202306131047/tools/bin/../lib/gcc/arm-none-eabi/12.2.1/../../../../arm-none-eabi/lib/thumb/v7e-m+fp/hard\libcr_c.a(scanf.o) (ungetc)
c:/nxp/mcuxpressoide_11.8.0_1165/ide/plugins/com.nxp.mcuxpresso.tools.win32_11.8.0.202306131047/tools/bin/../lib/gcc/arm-none-eabi/12.2.1/../../../../arm-none-eabi/lib/thumb/v7e-m+fp/hard\libcr_c.a(__fillbuf.o)
[...]
Memory Configuration

Name             Origin             Length             Attributes
PROGRAM_FLASH    0x70000000         0x00400000         xr
SRAM_DTC         0x20000000         0x00020000         xrw
SRAM_ITC         0x00000000         0x00020000         xrw
SRAM_OC2         0x20200000         0x00080000         xrw
SRAM_OC          0x20280000         0x00040000         xrw
BOARD_SDRAM      0x80000000         0x01e00000         xrw
NCACHE_REGION    0x81e00000         0x00200000         xrw
*default*        0x00000000         0xffffffff

Linker script and memory map

LOAD ./xip/evkmimxrt1064_flexspi_nor_config.o
LOAD ./xip/fsl_flexspi_nor_boot.o
LOAD ./utilities/fsl_assert.o
LOAD ./utilities/fsl_debug_console.o
LOAD ./utilities/fsl_str.o
LOAD ./startup/startup_mimxrt1064.o
LOAD ./source/dblcan.o
LOAD ./source/fboot.o
LOAD ./source/semihost_hardfault.o
LOAD ./j1939/j1939.o
LOAD ./drivers/mtd/eeprom_virtual_W25Q32JV.o
LOAD ./drivers/mtd/externalflash_W25Q32JV.o
LOAD ./drivers/mtd/mtd.o
LOAD ./drivers/fsl_clock.o
LOAD ./drivers/fsl_common.o
LOAD ./drivers/fsl_common_arm.o
LOAD ./drivers/fsl_gpio.o
LOAD ./drivers/fsl_lpuart.o
LOAD ./device/system_MIMXRT1064.o
LOAD ./component/uart/fsl_adapter_lpuart.o
LOAD ./component/serial_manager/fsl_component_serial_manager.o
LOAD ./component/serial_manager/fsl_component_serial_port_uart.o
LOAD ./component/lists/fsl_component_generic_list.o
LOAD ./board/board.o
LOAD ./board/clock_config.o
LOAD ./board/dcd.o
LOAD ./board/peripherals.o
LOAD ./board/pin_mux.o
LOAD ./arch/arm/rt1064/mach-cansteer_v3/cansteer_v3.o
LOAD ./arch/arm/rt1064/timeout.o
LOAD C:\Users\PLANTIUM\Documents\MCUXpressoIDE_11.8.0_1165\workspace\CSP_rt1064\Debug\libCSP_rt1064.a
START GROUP
LOAD c:/nxp/mcuxpressoide_11.8.0_1165/ide/plugins/com.nxp.mcuxpresso.tools.win32_11.8.0.202306131047/tools/bin/../lib/gcc/arm-none-eabi/12.2.1/../../../../arm-none-eabi/lib/thumb/v7e-m+fp/hard\libcr_nohost_nf.a
LOAD c:/nxp/mcuxpressoide_11.8.0_1165/ide/plugins/com.nxp.mcuxpresso.tools.win32_11.8.0.202306131047/tools/bin/../lib/gcc/arm-none-eabi/12.2.1/../../../../arm-none-eabi/lib/thumb/v7e-m+fp/hard\libcr_c.a
LOAD c:/nxp/mcuxpressoide_11.8.0_1165/ide/plugins/com.nxp.mcuxpresso.tools.win32_11.8.0.202306131047/tools/bin/../lib/gcc/arm-none-eabi/12.2.1/thumb/v7e-m+fp/hard\libcr_eabihelpers.a
LOAD c:/nxp/mcuxpressoide_11.8.0_1165/ide/plugins/com.nxp.mcuxpresso.tools.win32_11.8.0.202306131047/tools/bin/../lib/gcc/arm-none-eabi/12.2.1/thumb/v7e-m+fp/hard\libgcc.a
END GROUP
                0x70000000                __base_PROGRAM_FLASH = 0x70000000
                0x70000000                __base_Flash = 0x70000000
                0x70400000                __top_PROGRAM_FLASH = 0x70400000
                0x70400000                __top_Flash = 0x70400000
                0x20000000                __base_SRAM_DTC = 0x20000000
                0x20000000                __base_RAM = 0x20000000
                0x20020000                __top_SRAM_DTC = 0x20020000
                0x20020000                __top_RAM = 0x20020000
                0x00000000                __base_SRAM_ITC = 0x0
                0x00000000                __base_RAM2 = 0x0
                0x00020000                __top_SRAM_ITC = 0x20000
                0x00020000                __top_RAM2 = 0x20000
                0x20200000                __base_SRAM_OC2 = 0x20200000
                0x20200000                __base_RAM3 = 0x20200000
                0x20280000                __top_SRAM_OC2 = 0x20280000
                0x20280000                __top_RAM3 = 0x20280000
                0x20280000                __base_SRAM_OC = 0x20280000
                0x20280000                __base_RAM4 = 0x20280000
                0x202c0000                __top_SRAM_OC = 0x202c0000
                0x202c0000                __top_RAM4 = 0x202c0000
                0x80000000                __base_BOARD_SDRAM = 0x80000000
                0x80000000                __base_RAM5 = 0x80000000
                0x81e00000                __top_BOARD_SDRAM = 0x81e00000
                0x81e00000                __top_RAM5 = 0x81e00000
                0x81e00000                __base_NCACHE_REGION = 0x81e00000
                0x81e00000                __base_RAM6 = 0x81e00000
                0x82000000                __top_NCACHE_REGION = 0x82000000
                0x82000000                __top_RAM6 = 0x82000000

.boot_hdr       0x70000000     0x2000
 FILL mask 0xff
                0x70000000                __boot_hdr_start__ = ABSOLUTE (.)
 *(SORT_BY_ALIGNMENT(.boot_hdr.conf))
 .boot_hdr.conf
                0x70000000      0x200 ./xip/evkmimxrt1064_flexspi_nor_config.o
                0x70000000                qspiflash_config
                0x00001000                . = 0x1000
 *fill*         0x70000200      0xe00 ff
 *(SORT_BY_ALIGNMENT(.boot_hdr.ivt))
 .boot_hdr.ivt  0x70001000       0x20 ./xip/fsl_flexspi_nor_boot.o
                0x70001000                image_vector_table
                0x00001020                . = 0x1020
 *(SORT_BY_ALIGNMENT(.boot_hdr.boot_data))
 .boot_hdr.boot_data
                0x70001020       0x10 ./xip/fsl_flexspi_nor_boot.o
                0x70001020                g_boot_data
                0x00001030                . = 0x1030
 *(SORT_BY_ALIGNMENT(.boot_hdr.dcd_data))
                0x70001030                __boot_hdr_end__ = ABSOLUTE (.)
                0x00002000                . = 0x2000
 *fill*         0x70001030      0xfd0 ff

.text           0x70002000     0x5290
 FILL mask 0xff
                0x70002000                __vectors_start__ = ABSOLUTE (.)
 *(SORT_BY_ALIGNMENT(.isr_vector))
 .isr_vector    0x70002000      0x2b8 ./startup/startup_mimxrt1064.o
                0x70002000                g_pfnVectors
                0x70002000                __Vectors
                0x700022b8                . = ALIGN (0x4)
                0x700022b8                __section_table_start = .
                0x700022b8                __data_section_table = .
                0x700022b8        0x4 LONG 0x70007f30 LOADADDR (.data)
                0x700022bc        0x4 LONG 0x20000000 ADDR (.data)
                0x700022c0        0x4 LONG 0x60 SIZEOF (.data)
                0x700022c4        0x4 LONG 0x70007290 LOADADDR (.data_RAM2)
                0x700022c8        0x4 LONG 0x0 ADDR (.data_RAM2)
                0x700022cc        0x4 LONG 0xca0 SIZEOF (.data_RAM2)
                0x700022d0        0x4 LONG 0x70007f30 LOADADDR (.data_RAM3)
                0x700022d4        0x4 LONG 0x20200000 ADDR (.data_RAM3)
                0x700022d8        0x4 LONG 0x0 SIZEOF (.data_RAM3)
                0x700022dc        0x4 LONG 0x70007f30 LOADADDR (.data_RAM4)
                0x700022e0        0x4 LONG 0x20280000 ADDR (.data_RAM4)
                0x700022e4        0x4 LONG 0x0 SIZEOF (.data_RAM4)
                0x700022e8        0x4 LONG 0x70007f30 LOADADDR (.data_RAM5)
                0x700022ec        0x4 LONG 0x80000000 ADDR (.data_RAM5)
                0x700022f0        0x4 LONG 0x0 SIZEOF (.data_RAM5)
                0x700022f4        0x4 LONG 0x70007f30 LOADADDR (.data_RAM6)
                0x700022f8        0x4 LONG 0x81e00000 ADDR (.data_RAM6)
                0x700022fc        0x4 LONG 0x0 SIZEOF (.data_RAM6)
                0x70002300                __data_section_table_end = .
                0x70002300                __bss_section_table = .
                0x70002300        0x4 LONG 0x20000060 ADDR (.bss)
                0x70002304        0x4 LONG 0x4b8 SIZEOF (.bss)
                0x70002308        0x4 LONG 0xca0 ADDR (.bss_RAM2)
                0x7000230c        0x4 LONG 0x0 SIZEOF (.bss_RAM2)
                0x70002310        0x4 LONG 0x20200000 ADDR (.bss_RAM3)
                0x70002314        0x4 LONG 0x0 SIZEOF (.bss_RAM3)
                0x70002318        0x4 LONG 0x20280000 ADDR (.bss_RAM4)
                0x7000231c        0x4 LONG 0x0 SIZEOF (.bss_RAM4)
                0x70002320        0x4 LONG 0x80000000 ADDR (.bss_RAM5)
                0x70002324        0x4 LONG 0x0 SIZEOF (.bss_RAM5)
                0x70002328        0x4 LONG 0x81e00000 ADDR (.bss_RAM6)
                0x7000232c        0x4 LONG 0x0 SIZEOF (.bss_RAM6)
                0x70002330                __bss_section_table_end = .
                0x70002330                __section_table_end = .
 *(SORT_BY_ALIGNMENT(.after_vectors*))
 .after_vectors.reset
                0x70002330       0x54 ./startup/startup_mimxrt1064.o
                0x70002330                ResetISR
 .after_vectors.init_data
                0x70002384       0x1e ./startup/startup_mimxrt1064.o
                0x70002384                data_init
 .after_vectors.init_bss
                0x700023a2       0x12 ./startup/startup_mimxrt1064.o
                0x700023a2                bss_init
 .after_vectors
                0x700023b4       0x14 ./startup/startup_mimxrt1064.o
                0x700023b4                NMI_Handler
                0x700023b8                MemManage_Handler
                0x700023ba                BusFault_Handler
                0x700023bc                UsageFault_Handler
                0x700023be                SVC_Handler
                0x700023c0                DebugMon_Handler
                0x700023c2                PendSV_Handler
                0x700023c4                SysTick_Handler
                0x700023c6                PMU_EVENT_DriverIRQHandler
                0x700023c6                PWM4_FAULT_DriverIRQHandler
                0x700023c6                DMA13_DMA29_DriverIRQHandler
                0x700023c6                FLEXRAM_DriverIRQHandler
                0x700023c6                CCM_2_DriverIRQHandler
                0x700023c6                SEMC_DriverIRQHandler
                0x700023c6                SPDIF_DriverIRQHandler
                0x700023c6                PIT_DriverIRQHandler
                0x700023c6                PWM4_3_DriverIRQHandler
                0x700023c6                ENET2_DriverIRQHandler
                0x700023c6                LPSPI4_DriverIRQHandler
                0x700023c6                LCDIF_DriverIRQHandler
                0x700023c6                USB_PHY1_DriverIRQHandler
                0x700023c6                GPIO3_Combined_0_15_DriverIRQHandler
                0x700023c6                CAN3_DriverIRQHandler
                0x700023c6                Reserved171_DriverIRQHandler
                0x700023c6                DMA7_DMA23_DriverIRQHandler
                0x700023c6                BEE_DriverIRQHandler
                0x700023c6                LPI2C3_DriverIRQHandler
                0x700023c6                GPR_IRQ_DriverIRQHandler
                0x700023c6                PWM2_FAULT_DriverIRQHandler
                0x700023c6                PWM3_1_DriverIRQHandler
                0x700023c6                DMA14_DMA30_DriverIRQHandler
                0x700023c6                TMR1_DriverIRQHandler
                0x700023c6                TRNG_DriverIRQHandler
                0x700023c6                PWM3_2_DriverIRQHandler
                0x700023c6                ENET_1588_Timer_DriverIRQHandler
                0x700023c6                FLEXIO2_DriverIRQHandler
                0x700023c6                GPIO2_Combined_16_31_DriverIRQHandler
                0x700023c6                Reserved143_DriverIRQHandler
                0x700023c6                SAI3_RX_DriverIRQHandler
                0x700023c6                PWM4_1_DriverIRQHandler
                0x700023c6                PWM3_3_DriverIRQHandler
                0x700023c6                DMA0_DMA16_DriverIRQHandler
                0x700023c6                IntDefaultHandler
                0x700023c6                DMA2_DMA18_DriverIRQHandler
                0x700023c6                SRC_DriverIRQHandler
                0x700023c6                GPIO1_INT4_DriverIRQHandler
                0x700023c6                Reserved144_DriverIRQHandler
                0x700023c6                USDHC1_DriverIRQHandler
                0x700023c6                ENC3_DriverIRQHandler
                0x700023c6                PWM3_FAULT_DriverIRQHandler
                0x700023c6                EWM_DriverIRQHandler
                0x700023c6                LPSPI2_DriverIRQHandler
                0x700023c6                WDOG1_DriverIRQHandler
                0x700023c6                FLEXIO1_DriverIRQHandler
                0x700023c6                ENET_DriverIRQHandler
                0x700023c6                Reserved78_DriverIRQHandler
                0x700023c6                TMR4_DriverIRQHandler
                0x700023c6                ENC2_DriverIRQHandler
                0x700023c6                ADC_ETC_IRQ2_DriverIRQHandler
                0x700023c6                GPIO1_Combined_16_31_DriverIRQHandler
                0x700023c6                GPIO1_INT7_DriverIRQHandler
                0x700023c6                SAI1_DriverIRQHandler
                0x700023c6                DCDC_DriverIRQHandler
                0x700023c6                DMA12_DMA28_DriverIRQHandler
                0x700023c6                PWM4_0_DriverIRQHandler
                0x700023c6                ADC_ETC_ERROR_IRQ_DriverIRQHandler
                0x700023c6                ACMP2_DriverIRQHandler
                0x700023c6                GPIO5_Combined_0_15_DriverIRQHandler
                0x700023c6                GPIO1_INT0_DriverIRQHandler
                0x700023c6                GPIO1_INT2_DriverIRQHandler
                0x700023c6                RTWDOG_DriverIRQHandler
                0x700023c6                GPT2_DriverIRQHandler
                0x700023c6                USB_PHY2_DriverIRQHandler
                0x700023c6                DMA10_DMA26_DriverIRQHandler
                0x700023c6                PWM2_1_DriverIRQHandler
                0x700023c6                PWM1_1_DriverIRQHandler
                0x700023c6                PXP_DriverIRQHandler
                0x700023c6                ADC1_DriverIRQHandler
                0x700023c6                PWM1_0_DriverIRQHandler
                0x700023c6                SJC_DriverIRQHandler
                0x700023c6                DMA1_DMA17_DriverIRQHandler
                0x700023c6                ENC1_DriverIRQHandler
                0x700023c6                ENC4_DriverIRQHandler
                0x700023c6                CAN2_DriverIRQHandler
                0x700023c6                DCP_DriverIRQHandler
                0x700023c6                CTI0_ERROR_DriverIRQHandler
                0x700023c6                DMA8_DMA24_DriverIRQHandler
                0x700023c6                GPT1_DriverIRQHandler
                0x700023c6                ACMP3_DriverIRQHandler
                0x700023c6                DMA6_DMA22_DriverIRQHandler
                0x700023c6                CSU_DriverIRQHandler
                0x700023c6                GPIO1_INT5_DriverIRQHandler
                0x700023c6                TMR3_DriverIRQHandler
                0x700023c6                TMR2_DriverIRQHandler
                0x700023c6                CTI1_ERROR_DriverIRQHandler
                0x700023c6                GPIO1_Combined_0_15_DriverIRQHandler
                0x700023c6                USDHC2_DriverIRQHandler
                0x700023c6                PWM4_2_DriverIRQHandler
                0x700023c6                KPP_DriverIRQHandler
                0x700023c6                SAI2_DriverIRQHandler
                0x700023c6                CORE_DriverIRQHandler
                0x700023c6                TSC_DIG_DriverIRQHandler
                0x700023c6                DMA11_DMA27_DriverIRQHandler
                0x700023c6                CSI_DriverIRQHandler
                0x700023c6                PWM2_3_DriverIRQHandler
                0x700023c6                XBAR1_IRQ_2_3_DriverIRQHandler
                0x700023c6                SNVS_HP_WRAPPER_TZ_DriverIRQHandler
                0x700023c6                GPIO3_Combined_16_31_DriverIRQHandler
                0x700023c6                PWM1_FAULT_DriverIRQHandler
                0x700023c6                LPI2C1_DriverIRQHandler
                0x700023c6                ENET2_1588_Timer_DriverIRQHandler
                0x700023c6                PWM2_2_DriverIRQHandler
                0x700023c6                DMA4_DMA20_DriverIRQHandler
                0x700023c6                DMA9_DMA25_DriverIRQHandler
                0x700023c6                SNVS_HP_WRAPPER_DriverIRQHandler
                0x700023c6                XBAR1_IRQ_0_1_DriverIRQHandler
                0x700023c6                ADC_ETC_IRQ1_DriverIRQHandler
                0x700023c6                LPSPI1_DriverIRQHandler
                0x700023c6                DMA3_DMA19_DriverIRQHandler
                0x700023c6                GPIO1_INT3_DriverIRQHandler
                0x700023c6                DCP_VMI_DriverIRQHandler
                0x700023c6                LPI2C4_DriverIRQHandler
                0x700023c6                GPC_DriverIRQHandler
                0x700023c6                GPIO2_Combined_0_15_DriverIRQHandler
                0x700023c6                PWM1_2_DriverIRQHandler
                0x700023c6                USB_OTG1_DriverIRQHandler
                0x700023c6                TEMP_LOW_HIGH_DriverIRQHandler
                0x700023c6                SAI3_TX_DriverIRQHandler
                0x700023c6                FLEXIO3_DriverIRQHandler
                0x700023c6                WDOG2_DriverIRQHandler
                0x700023c6                Reserved68_DriverIRQHandler
                0x700023c6                PWM3_0_DriverIRQHandler
                0x700023c6                GPIO4_Combined_0_15_DriverIRQHandler
                0x700023c6                GPIO4_Combined_16_31_DriverIRQHandler
                0x700023c6                GPIO6_7_8_9_DriverIRQHandler
                0x700023c6                GPIO5_Combined_16_31_DriverIRQHandler
                0x700023c6                DMA5_DMA21_DriverIRQHandler
                0x700023c6                CCM_1_DriverIRQHandler
                0x700023c6                ADC2_DriverIRQHandler
                0x700023c6                Reserved115_DriverIRQHandler
                0x700023c6                TEMP_PANIC_DriverIRQHandler
                0x700023c6                ACMP4_DriverIRQHandler
                0x700023c6                DMA15_DMA31_DriverIRQHandler
                0x700023c6                LPSPI3_DriverIRQHandler
                0x700023c6                PWM1_3_DriverIRQHandler
                0x700023c6                ACMP1_DriverIRQHandler
                0x700023c6                LPI2C2_DriverIRQHandler
                0x700023c6                Reserved86_DriverIRQHandler
                0x700023c6                GPIO10_DriverIRQHandler
                0x700023c6                DMA_ERROR_DriverIRQHandler
                0x700023c6                ADC_ETC_IRQ0_DriverIRQHandler
                0x700023c6                CAN1_DriverIRQHandler
                0x700023c6                GPIO1_INT6_DriverIRQHandler
                0x700023c6                GPIO1_INT1_DriverIRQHandler
                0x700023c6                PWM2_0_DriverIRQHandler
                0x700023c6                SNVS_LP_WRAPPER_DriverIRQHandler
                0x700023c6                USB_OTG2_DriverIRQHandler
 *(SORT_BY_ALIGNMENT(.text*))
 .text.__assertion_failed
                0x700023c8       0x18 ./utilities/fsl_assert.o
                0x700023c8                __assertion_failed
 .text.DbgConsole_SendDataReliable
                0x700023e0       0x54 ./utilities/fsl_debug_console.o
                0x700023e0                DbgConsole_SendDataReliable
 .text.DbgConsole_Init
                0x70002434      0x138 ./utilities/fsl_debug_console.o
                0x70002434                DbgConsole_Init
 .text.DbgConsole_Vprintf
                0x7000256c       0x6c ./utilities/fsl_debug_console.o
                0x7000256c                DbgConsole_Vprintf
 .text.Run_BL   0x700025d8       0x58 ./source/dblcan.o
                0x700025d8                Run_BL
 .text.App      0x70002630       0x3c ./source/dblcan.o
                0x70002630                App
 .text.main     0x7000266c       0x28 ./source/fboot.o
                0x7000266c                main
 .text.Open_VIRTUAL_EEPROM
                0x70002694       0x48 ./drivers/mtd/eeprom_virtual_W25Q32JV.o
                0x70002694                Open_VIRTUAL_EEPROM
 .text.Read_VIRTUAL_EEPROM
                0x700026dc       0x84 ./drivers/mtd/eeprom_virtual_W25Q32JV.o
 .text.Write_VIRTUAL_EEPROM
                0x70002760       0x6c ./drivers/mtd/eeprom_virtual_W25Q32JV.o
 .text.Open_SFLASH
                0x700027cc       0x44 ./drivers/mtd/externalflash_W25Q32JV.o
                0x700027cc                Open_SFLASH
 .text.Read_SFLASH
                0x70002810       0x40 ./drivers/mtd/externalflash_W25Q32JV.o
 .text.Write_SFLASH
                0x70002850       0x88 ./drivers/mtd/externalflash_W25Q32JV.o
 .text.EraseSector_SFLASH
                0x700028d8       0x70 ./drivers/mtd/externalflash_W25Q32JV.o
 .text.register_MTD
                0x70002948       0xc4 ./drivers/mtd/mtd.o
                0x70002948                register_MTD
 .text.find_MTD
                0x70002a0c       0x74 ./drivers/mtd/mtd.o
 .text.CLOCK_GetOscFreq
                0x70002a80       0x30 ./drivers/fsl_clock.o
 .text.CLOCK_InitExternalClk
                0x70002ab0       0x6c ./drivers/fsl_clock.o
                0x70002ab0                CLOCK_InitExternalClk
 .text.CLOCK_SwitchOsc
                0x70002b1c       0x34 ./drivers/fsl_clock.o
                0x70002b1c                CLOCK_SwitchOsc
 .text.CLOCK_InitRcOsc24M
                0x70002b50       0x24 ./drivers/fsl_clock.o
                0x70002b50                CLOCK_InitRcOsc24M
 .text.CLOCK_InitArmPll
                0x70002b74       0x68 ./drivers/fsl_clock.o
                0x70002b74                CLOCK_InitArmPll
 .text.CLOCK_InitSysPll
                0x70002bdc       0x9c ./drivers/fsl_clock.o
                0x70002bdc                CLOCK_InitSysPll
 .text.CLOCK_DeinitUsb2Pll
                0x70002c78       0x18 ./drivers/fsl_clock.o
                0x70002c78                CLOCK_DeinitUsb2Pll
 .text.CLOCK_DeinitAudioPll
                0x70002c90       0x1c ./drivers/fsl_clock.o
                0x70002c90                CLOCK_DeinitAudioPll
 .text.CLOCK_DeinitEnetPll
                0x70002cac       0x1c ./drivers/fsl_clock.o
                0x70002cac                CLOCK_DeinitEnetPll
 .text.CLOCK_GetPllFreq
                0x70002cc8      0x434 ./drivers/fsl_clock.o
                0x70002cc8                CLOCK_GetPllFreq
 .text.CLOCK_InitSysPfd
                0x700030fc       0x64 ./drivers/fsl_clock.o
                0x700030fc                CLOCK_InitSysPfd
 .text.CLOCK_ControlGate
                0x70003160       0x60 ./drivers/fsl_lpuart.o
 .text.LPUART_GetInstance
                0x700031c0       0x4c ./drivers/fsl_lpuart.o
                0x700031c0                LPUART_GetInstance
 .text.LPUART_Init
                0x7000320c      0x320 ./drivers/fsl_lpuart.o
                0x7000320c                LPUART_Init
 .text.LPUART_GetDefaultConfig
                0x7000352c       0x88 ./drivers/fsl_lpuart.o
                0x7000352c                LPUART_GetDefaultConfig
 .text.LPUART_WriteBlocking
                0x700035b4       0x68 ./drivers/fsl_lpuart.o
                0x700035b4                LPUART_WriteBlocking
 .text.LPUART1_DriverIRQHandler
                0x7000361c       0x28 ./drivers/fsl_lpuart.o
                0x7000361c                LPUART1_DriverIRQHandler
 .text.LPUART2_DriverIRQHandler
                0x70003644       0x28 ./drivers/fsl_lpuart.o
                0x70003644                LPUART2_DriverIRQHandler
 .text.LPUART3_DriverIRQHandler
                0x7000366c       0x28 ./drivers/fsl_lpuart.o
                0x7000366c                LPUART3_DriverIRQHandler
 .text.LPUART4_DriverIRQHandler
                0x70003694       0x28 ./drivers/fsl_lpuart.o
                0x70003694                LPUART4_DriverIRQHandler
 .text.LPUART5_DriverIRQHandler
                0x700036bc       0x28 ./drivers/fsl_lpuart.o
                0x700036bc                LPUART5_DriverIRQHandler
 .text.LPUART6_DriverIRQHandler
                0x700036e4       0x28 ./drivers/fsl_lpuart.o
                0x700036e4                LPUART6_DriverIRQHandler
 .text.LPUART7_DriverIRQHandler
                0x7000370c       0x28 ./drivers/fsl_lpuart.o
                0x7000370c                LPUART7_DriverIRQHandler
 .text.LPUART8_DriverIRQHandler
                0x70003734       0x28 ./drivers/fsl_lpuart.o
                0x70003734                LPUART8_DriverIRQHandler
 .text.SystemInit
                0x7000375c      0x144 ./device/system_MIMXRT1064.o
                0x7000375c                SystemInit
 .text.SystemCoreClockUpdate
                0x700038a0      0x214 ./device/system_MIMXRT1064.o
                0x700038a0                SystemCoreClockUpdate
 .text.HAL_UartInitCommon
                0x70003ab4       0xe0 ./component/uart/fsl_adapter_lpuart.o
 .text.HAL_UartInit
                0x70003b94       0x84 ./component/uart/fsl_adapter_lpuart.o
                0x70003b94                HAL_UartInit
 .text.HAL_UartSendBlocking
                0x70003c18       0x64 ./component/uart/fsl_adapter_lpuart.o
                0x70003c18                HAL_UartSendBlocking
 .text.ARM_MPU_Enable
                0x70003c7c       0x44 ./board/board.o
 .text.ARM_MPU_Disable
                0x70003cc0       0x40 ./board/board.o
 .text.CLOCK_GetMux
                0x70003d00       0x44 ./board/board.o
 .text.CLOCK_GetDiv
                0x70003d44       0x44 ./board/board.o
 .text.CLOCK_GetOscFreq
                0x70003d88       0x30 ./board/board.o
 .text.BOARD_DebugConsoleSrcFreq
                0x70003db8       0x64 ./board/board.o
                0x70003db8                BOARD_DebugConsoleSrcFreq
 .text.BOARD_ConfigMPU
                0x70003e1c      0x34c ./board/board.o
                0x70003e1c                BOARD_ConfigMPU
 .text.CLOCK_SetMux
                0x70004168       0x9c ./board/clock_config.o
 .text.CLOCK_SetDiv
                0x70004204       0x9c ./board/clock_config.o
 .text.CLOCK_ControlGate
                0x700042a0       0x60 ./board/clock_config.o
 .text.CLOCK_SetXtalFreq
                0x70004300       0x20 ./board/clock_config.o
 .text.CLOCK_SetRtcXtalFreq
                0x70004320       0x20 ./board/clock_config.o
 .text.IOMUXC_MQSConfig
                0x70004340       0x44 ./board/clock_config.o
 .text.BOARD_BootClockRUN
                0x70004384      0x6d0 ./board/clock_config.o
                0x70004384                BOARD_BootClockRUN
 .text.Open_CANSTEER_V3
                0x70004a54       0x44 ./arch/arm/rt1064/mach-cansteer_v3/cansteer_v3.o
                0x70004a54                Open_CANSTEER_V3
 .text.EE_Init  0x70004a98       0xe4 C:\Users\PLANTIUM\Documents\MCUXpressoIDE_11.8.0_1165\workspace\CSP_rt1064\Debug\libCSP_rt1064.a(eeprom_virtual.o)
                0x70004a98                EE_Init
 .text.EE_FindValidPage
                0x70004b7c       0xa4 C:\Users\PLANTIUM\Documents\MCUXpressoIDE_11.8.0_1165\workspace\CSP_rt1064\Debug\libCSP_rt1064.a(eeprom_virtual.o)
 .text.EE_Format
                0x70004c20       0x68 C:\Users\PLANTIUM\Documents\MCUXpressoIDE_11.8.0_1165\workspace\CSP_rt1064\Debug\libCSP_rt1064.a(eeprom_virtual.o)
                0x70004c20                EE_Format
 .text.EE_VerifyBlankPage
                0x70004c88       0x5c C:\Users\PLANTIUM\Documents\MCUXpressoIDE_11.8.0_1165\workspace\CSP_rt1064\Debug\libCSP_rt1064.a(eeprom_virtual.o)
 .text.EE_PageTransfer
                0x70004ce4      0x140 C:\Users\PLANTIUM\Documents\MCUXpressoIDE_11.8.0_1165\workspace\CSP_rt1064\Debug\libCSP_rt1064.a(eeprom_virtual.o)
 .text.EE_VerifyValidPageFull
                0x70004e24       0x40 C:\Users\PLANTIUM\Documents\MCUXpressoIDE_11.8.0_1165\workspace\CSP_rt1064\Debug\libCSP_rt1064.a(eeprom_virtual.o)
 .text.EE_ReadVariable
                0x70004e64       0x84 C:\Users\PLANTIUM\Documents\MCUXpressoIDE_11.8.0_1165\workspace\CSP_rt1064\Debug\libCSP_rt1064.a(eeprom_virtual.o)
                0x70004e64                EE_ReadVariable
 .text.EE_WriteVariable
                0x70004ee8       0x8c C:\Users\PLANTIUM\Documents\MCUXpressoIDE_11.8.0_1165\workspace\CSP_rt1064\Debug\libCSP_rt1064.a(eeprom_virtual.o)
                0x70004ee8                EE_WriteVariable
 .text.EE_VerifyPageFullWriteVariable
                0x70004f74       0xb0 C:\Users\PLANTIUM\Documents\MCUXpressoIDE_11.8.0_1165\workspace\CSP_rt1064\Debug\libCSP_rt1064.a(eeprom_virtual.o)
 .text.L1CACHE_InvalidateDCacheByRange
                0x70005024       0x68 C:\Users\PLANTIUM\Documents\MCUXpressoIDE_11.8.0_1165\workspace\CSP_rt1064\Debug\libCSP_rt1064.a(fsl_cache.o)
 .text.FLEXSPI_DriverIRQHandler
                0x7000508c       0x28 C:\Users\PLANTIUM\Documents\MCUXpressoIDE_11.8.0_1165\workspace\CSP_rt1064\Debug\libCSP_rt1064.a(fsl_flexspi.o)
                0x7000508c                FLEXSPI_DriverIRQHandler
 .text.FLEXSPI2_DriverIRQHandler
                0x700050b4       0x28 C:\Users\PLANTIUM\Documents\MCUXpressoIDE_11.8.0_1165\workspace\CSP_rt1064\Debug\libCSP_rt1064.a(fsl_flexspi.o)
                0x700050b4                FLEXSPI2_DriverIRQHandler
 .text._initio  0x700050dc       0x78 c:/nxp/mcuxpressoide_11.8.0_1165/ide/plugins/com.nxp.mcuxpresso.tools.win32_11.8.0.202306131047/tools/bin/../lib/gcc/arm-none-eabi/12.2.1/../../../../arm-none-eabi/lib/thumb/v7e-m+fp/hard\libcr_c.a(initio.o)
                0x700050dc                _initio
 .text._Cwritebuf
                0x70005154       0x6c c:/nxp/mcuxpressoide_11.8.0_1165/ide/plugins/com.nxp.mcuxpresso.tools.win32_11.8.0.202306131047/tools/bin/../lib/gcc/arm-none-eabi/12.2.1/../../../../arm-none-eabi/lib/thumb/v7e-m+fp/hard\libcr_c.a(_writebuf.o)
                0x70005154                _Cwritebuf
 .text.fflush   0x700051c0       0x3c c:/nxp/mcuxpressoide_11.8.0_1165/ide/plugins/com.nxp.mcuxpresso.tools.win32_11.8.0.202306131047/tools/bin/../lib/gcc/arm-none-eabi/12.2.1/../../../../arm-none-eabi/lib/thumb/v7e-m+fp/hard\libcr_c.a(fflush.o)
                0x700051c0                fflush
 .text.fseek    0x700051fc       0xf8 c:/nxp/mcuxpressoide_11.8.0_1165/ide/plugins/com.nxp.mcuxpresso.tools.win32_11.8.0.202306131047/tools/bin/../lib/gcc/arm-none-eabi/12.2.1/../../../../arm-none-eabi/lib/thumb/v7e-m+fp/hard\libcr_c.a(fseek.o)
                0x700051fc                fseek
 .text.ftell    0x700052f4       0x44 c:/nxp/mcuxpressoide_11.8.0_1165/ide/plugins/com.nxp.mcuxpresso.tools.win32_11.8.0.202306131047/tools/bin/../lib/gcc/arm-none-eabi/12.2.1/../../../../arm-none-eabi/lib/thumb/v7e-m+fp/hard\libcr_c.a(ftell.o)
                0x700052f4                ftell
 .text.DbgConsole_PrintCallback
                0x70005338       0x66 ./utilities/fsl_debug_console.o
 .text.DbgConsole_Printf
                0x7000539e       0x2c ./utilities/fsl_debug_console.o
                0x7000539e                DbgConsole_Printf
 .text.PrintGetWidth
                0x700053ca       0x6a ./utilities/fsl_str.o
 .text.PrintGetPrecision
                0x70005434       0x8c ./utilities/fsl_str.o
 .text.PrintIsobpu
                0x700054c0       0x38 ./utilities/fsl_str.o
 .text.PrintIsdi
                0x700054f8       0x2c ./utilities/fsl_str.o
 .text.PrintOutputdifFobpu
                0x70005524       0x44 ./utilities/fsl_str.o
 .text.PrintOutputxX
                0x70005568       0x44 ./utilities/fsl_str.o
 .text.PrintIsfF
                0x700055ac       0x2c ./utilities/fsl_str.o
 .text.PrintIsxX
                0x700055d8       0x2c ./utilities/fsl_str.o
 .text.PrintFilterLengthFlag
                0x70005604       0x3e ./utilities/fsl_str.o
 .text.PrintGetRadixFromobpu
                0x70005642       0x40 ./utilities/fsl_str.o
 .text.ConvertRadixNumToString
                0x70005682       0xc2 ./utilities/fsl_str.o
 .text.StrFormatPrintf
                0x70005744      0x2ac ./utilities/fsl_str.o
                0x70005744                StrFormatPrintf
 .text.DMA0_DMA16_IRQHandler
                0x700059f0        0x8 ./startup/startup_mimxrt1064.o
                0x700059f0                DMA0_DMA16_IRQHandler
 .text.DMA1_DMA17_IRQHandler
                0x700059f8        0x8 ./startup/startup_mimxrt1064.o
                0x700059f8                DMA1_DMA17_IRQHandler
 .text.DMA2_DMA18_IRQHandler
                0x70005a00        0x8 ./startup/startup_mimxrt1064.o
                0x70005a00                DMA2_DMA18_IRQHandler
 .text.DMA3_DMA19_IRQHandler
                0x70005a08        0x8 ./startup/startup_mimxrt1064.o
                0x70005a08                DMA3_DMA19_IRQHandler
 .text.DMA4_DMA20_IRQHandler
                0x70005a10        0x8 ./startup/startup_mimxrt1064.o
                0x70005a10                DMA4_DMA20_IRQHandler
 .text.DMA5_DMA21_IRQHandler
                0x70005a18        0x8 ./startup/startup_mimxrt1064.o
                0x70005a18                DMA5_DMA21_IRQHandler
 .text.DMA6_DMA22_IRQHandler
                0x70005a20        0x8 ./startup/startup_mimxrt1064.o
                0x70005a20                DMA6_DMA22_IRQHandler
 .text.DMA7_DMA23_IRQHandler
                0x70005a28        0x8 ./startup/startup_mimxrt1064.o
                0x70005a28                DMA7_DMA23_IRQHandler
 .text.DMA8_DMA24_IRQHandler
                0x70005a30        0x8 ./startup/startup_mimxrt1064.o
                0x70005a30                DMA8_DMA24_IRQHandler
 .text.DMA9_DMA25_IRQHandler
                0x70005a38        0x8 ./startup/startup_mimxrt1064.o
                0x70005a38                DMA9_DMA25_IRQHandler
 .text.DMA10_DMA26_IRQHandler
                0x70005a40        0x8 ./startup/startup_mimxrt1064.o
                0x70005a40                DMA10_DMA26_IRQHandler
 .text.DMA11_DMA27_IRQHandler
                0x70005a48        0x8 ./startup/startup_mimxrt1064.o
                0x70005a48                DMA11_DMA27_IRQHandler
 .text.DMA12_DMA28_IRQHandler
                0x70005a50        0x8 ./startup/startup_mimxrt1064.o
                0x70005a50                DMA12_DMA28_IRQHandler
 .text.DMA13_DMA29_IRQHandler
                0x70005a58        0x8 ./startup/startup_mimxrt1064.o
                0x70005a58                DMA13_DMA29_IRQHandler
 .text.DMA14_DMA30_IRQHandler
                0x70005a60        0x8 ./startup/startup_mimxrt1064.o
                0x70005a60                DMA14_DMA30_IRQHandler
 .text.DMA15_DMA31_IRQHandler
                0x70005a68        0x8 ./startup/startup_mimxrt1064.o
                0x70005a68                DMA15_DMA31_IRQHandler
 .text.DMA_ERROR_IRQHandler
                0x70005a70        0x8 ./startup/startup_mimxrt1064.o
                0x70005a70                DMA_ERROR_IRQHandler
 .text.CTI0_ERROR_IRQHandler
                0x70005a78        0x8 ./startup/startup_mimxrt1064.o
                0x70005a78                CTI0_ERROR_IRQHandler
 .text.CTI1_ERROR_IRQHandler
                0x70005a80        0x8 ./startup/startup_mimxrt1064.o
                0x70005a80                CTI1_ERROR_IRQHandler
 .text.CORE_IRQHandler
                0x70005a88        0x8 ./startup/startup_mimxrt1064.o
                0x70005a88                CORE_IRQHandler
 .text.LPUART1_IRQHandler
                0x70005a90        0x8 ./startup/startup_mimxrt1064.o
                0x70005a90                LPUART1_IRQHandler
 .text.LPUART2_IRQHandler
                0x70005a98        0x8 ./startup/startup_mimxrt1064.o
                0x70005a98                LPUART2_IRQHandler
 .text.LPUART3_IRQHandler
                0x70005aa0        0x8 ./startup/startup_mimxrt1064.o
                0x70005aa0                LPUART3_IRQHandler
 .text.LPUART4_IRQHandler
                0x70005aa8        0x8 ./startup/startup_mimxrt1064.o
                0x70005aa8                LPUART4_IRQHandler
 .text.LPUART5_IRQHandler
                0x70005ab0        0x8 ./startup/startup_mimxrt1064.o
                0x70005ab0                LPUART5_IRQHandler
 .text.LPUART6_IRQHandler
                0x70005ab8        0x8 ./startup/startup_mimxrt1064.o
                0x70005ab8                LPUART6_IRQHandler
 .text.LPUART7_IRQHandler
                0x70005ac0        0x8 ./startup/startup_mimxrt1064.o
                0x70005ac0                LPUART7_IRQHandler
 .text.LPUART8_IRQHandler
                0x70005ac8        0x8 ./startup/startup_mimxrt1064.o
                0x70005ac8                LPUART8_IRQHandler
 .text.LPI2C1_IRQHandler
                0x70005ad0        0x8 ./startup/startup_mimxrt1064.o
                0x70005ad0                LPI2C1_IRQHandler
 .text.LPI2C2_IRQHandler
                0x70005ad8        0x8 ./startup/startup_mimxrt1064.o
                0x70005ad8                LPI2C2_IRQHandler
 .text.LPI2C3_IRQHandler
                0x70005ae0        0x8 ./startup/startup_mimxrt1064.o
                0x70005ae0                LPI2C3_IRQHandler
 .text.LPI2C4_IRQHandler
                0x70005ae8        0x8 ./startup/startup_mimxrt1064.o
                0x70005ae8                LPI2C4_IRQHandler
 .text.LPSPI1_IRQHandler
                0x70005af0        0x8 ./startup/startup_mimxrt1064.o
                0x70005af0                LPSPI1_IRQHandler
 .text.LPSPI2_IRQHandler
                0x70005af8        0x8 ./startup/startup_mimxrt1064.o
                0x70005af8                LPSPI2_IRQHandler
 .text.LPSPI3_IRQHandler
                0x70005b00        0x8 ./startup/startup_mimxrt1064.o
                0x70005b00                LPSPI3_IRQHandler
 .text.LPSPI4_IRQHandler
                0x70005b08        0x8 ./startup/startup_mimxrt1064.o
                0x70005b08                LPSPI4_IRQHandler
 .text.CAN1_IRQHandler
                0x70005b10        0x8 ./startup/startup_mimxrt1064.o
                0x70005b10                CAN1_IRQHandler
 .text.CAN2_IRQHandler
                0x70005b18        0x8 ./startup/startup_mimxrt1064.o
                0x70005b18                CAN2_IRQHandler
 .text.FLEXRAM_IRQHandler
                0x70005b20        0x8 ./startup/startup_mimxrt1064.o
                0x70005b20                FLEXRAM_IRQHandler
 .text.KPP_IRQHandler
                0x70005b28        0x8 ./startup/startup_mimxrt1064.o
                0x70005b28                KPP_IRQHandler
 .text.TSC_DIG_IRQHandler
                0x70005b30        0x8 ./startup/startup_mimxrt1064.o
                0x70005b30                TSC_DIG_IRQHandler
 .text.GPR_IRQ_IRQHandler
                0x70005b38        0x8 ./startup/startup_mimxrt1064.o
                0x70005b38                GPR_IRQ_IRQHandler
 .text.LCDIF_IRQHandler
                0x70005b40        0x8 ./startup/startup_mimxrt1064.o
                0x70005b40                LCDIF_IRQHandler
 .text.CSI_IRQHandler
                0x70005b48        0x8 ./startup/startup_mimxrt1064.o
                0x70005b48                CSI_IRQHandler
 .text.PXP_IRQHandler
                0x70005b50        0x8 ./startup/startup_mimxrt1064.o
                0x70005b50                PXP_IRQHandler
 .text.WDOG2_IRQHandler
                0x70005b58        0x8 ./startup/startup_mimxrt1064.o
                0x70005b58                WDOG2_IRQHandler
 .text.SNVS_HP_WRAPPER_IRQHandler
                0x70005b60        0x8 ./startup/startup_mimxrt1064.o
                0x70005b60                SNVS_HP_WRAPPER_IRQHandler
 .text.SNVS_HP_WRAPPER_TZ_IRQHandler
                0x70005b68        0x8 ./startup/startup_mimxrt1064.o
                0x70005b68                SNVS_HP_WRAPPER_TZ_IRQHandler
 .text.SNVS_LP_WRAPPER_IRQHandler
                0x70005b70        0x8 ./startup/startup_mimxrt1064.o
                0x70005b70                SNVS_LP_WRAPPER_IRQHandler
 .text.CSU_IRQHandler
                0x70005b78        0x8 ./startup/startup_mimxrt1064.o
                0x70005b78                CSU_IRQHandler
 .text.DCP_IRQHandler
                0x70005b80        0x8 ./startup/startup_mimxrt1064.o
                0x70005b80                DCP_IRQHandler
 .text.DCP_VMI_IRQHandler
                0x70005b88        0x8 ./startup/startup_mimxrt1064.o
                0x70005b88                DCP_VMI_IRQHandler
 .text.Reserved68_IRQHandler
                0x70005b90        0x8 ./startup/startup_mimxrt1064.o
                0x70005b90                Reserved68_IRQHandler
 .text.TRNG_IRQHandler
                0x70005b98        0x8 ./startup/startup_mimxrt1064.o
                0x70005b98                TRNG_IRQHandler
 .text.SJC_IRQHandler
                0x70005ba0        0x8 ./startup/startup_mimxrt1064.o
                0x70005ba0                SJC_IRQHandler
 .text.BEE_IRQHandler
                0x70005ba8        0x8 ./startup/startup_mimxrt1064.o
                0x70005ba8                BEE_IRQHandler
 .text.SAI1_IRQHandler
                0x70005bb0        0x8 ./startup/startup_mimxrt1064.o
                0x70005bb0                SAI1_IRQHandler
 .text.SAI2_IRQHandler
                0x70005bb8        0x8 ./startup/startup_mimxrt1064.o
                0x70005bb8                SAI2_IRQHandler
 .text.SAI3_RX_IRQHandler
                0x70005bc0        0x8 ./startup/startup_mimxrt1064.o
                0x70005bc0                SAI3_RX_IRQHandler
 .text.SAI3_TX_IRQHandler
                0x70005bc8        0x8 ./startup/startup_mimxrt1064.o
                0x70005bc8                SAI3_TX_IRQHandler
 .text.SPDIF_IRQHandler
                0x70005bd0        0x8 ./startup/startup_mimxrt1064.o
                0x70005bd0                SPDIF_IRQHandler
 .text.PMU_EVENT_IRQHandler
                0x70005bd8        0x8 ./startup/startup_mimxrt1064.o
                0x70005bd8                PMU_EVENT_IRQHandler
 .text.Reserved78_IRQHandler
                0x70005be0        0x8 ./startup/startup_mimxrt1064.o
                0x70005be0                Reserved78_IRQHandler
 .text.TEMP_LOW_HIGH_IRQHandler
                0x70005be8        0x8 ./startup/startup_mimxrt1064.o
                0x70005be8                TEMP_LOW_HIGH_IRQHandler
 .text.TEMP_PANIC_IRQHandler
                0x70005bf0        0x8 ./startup/startup_mimxrt1064.o
                0x70005bf0                TEMP_PANIC_IRQHandler
 .text.USB_PHY1_IRQHandler
                0x70005bf8        0x8 ./startup/startup_mimxrt1064.o
                0x70005bf8                USB_PHY1_IRQHandler
 .text.USB_PHY2_IRQHandler
                0x70005c00        0x8 ./startup/startup_mimxrt1064.o
                0x70005c00                USB_PHY2_IRQHandler
 .text.ADC1_IRQHandler
                0x70005c08        0x8 ./startup/startup_mimxrt1064.o
                0x70005c08                ADC1_IRQHandler
 .text.ADC2_IRQHandler
                0x70005c10        0x8 ./startup/startup_mimxrt1064.o
                0x70005c10                ADC2_IRQHandler
 .text.DCDC_IRQHandler
                0x70005c18        0x8 ./startup/startup_mimxrt1064.o
                0x70005c18                DCDC_IRQHandler
 .text.Reserved86_IRQHandler
                0x70005c20        0x8 ./startup/startup_mimxrt1064.o
                0x70005c20                Reserved86_IRQHandler
 .text.GPIO10_IRQHandler
                0x70005c28        0x8 ./startup/startup_mimxrt1064.o
                0x70005c28                GPIO10_IRQHandler
 .text.GPIO1_INT0_IRQHandler
                0x70005c30        0x8 ./startup/startup_mimxrt1064.o
                0x70005c30                GPIO1_INT0_IRQHandler
 .text.GPIO1_INT1_IRQHandler
                0x70005c38        0x8 ./startup/startup_mimxrt1064.o
                0x70005c38                GPIO1_INT1_IRQHandler
 .text.GPIO1_INT2_IRQHandler
                0x70005c40        0x8 ./startup/startup_mimxrt1064.o
                0x70005c40                GPIO1_INT2_IRQHandler
 .text.GPIO1_INT3_IRQHandler
                0x70005c48        0x8 ./startup/startup_mimxrt1064.o
                0x70005c48                GPIO1_INT3_IRQHandler
 .text.GPIO1_INT4_IRQHandler
                0x70005c50        0x8 ./startup/startup_mimxrt1064.o
                0x70005c50                GPIO1_INT4_IRQHandler
 .text.GPIO1_INT5_IRQHandler
                0x70005c58        0x8 ./startup/startup_mimxrt1064.o
                0x70005c58                GPIO1_INT5_IRQHandler
 .text.GPIO1_INT6_IRQHandler
                0x70005c60        0x8 ./startup/startup_mimxrt1064.o
                0x70005c60                GPIO1_INT6_IRQHandler
 .text.GPIO1_INT7_IRQHandler
                0x70005c68        0x8 ./startup/startup_mimxrt1064.o
                0x70005c68                GPIO1_INT7_IRQHandler
 .text.GPIO1_Combined_0_15_IRQHandler
                0x70005c70        0x8 ./startup/startup_mimxrt1064.o
                0x70005c70                GPIO1_Combined_0_15_IRQHandler
 .text.GPIO1_Combined_16_31_IRQHandler
                0x70005c78        0x8 ./startup/startup_mimxrt1064.o
                0x70005c78                GPIO1_Combined_16_31_IRQHandler
 .text.GPIO2_Combined_0_15_IRQHandler
                0x70005c80        0x8 ./startup/startup_mimxrt1064.o
                0x70005c80                GPIO2_Combined_0_15_IRQHandler
 .text.GPIO2_Combined_16_31_IRQHandler
                0x70005c88        0x8 ./startup/startup_mimxrt1064.o
                0x70005c88                GPIO2_Combined_16_31_IRQHandler
 .text.GPIO3_Combined_0_15_IRQHandler
                0x70005c90        0x8 ./startup/startup_mimxrt1064.o
                0x70005c90                GPIO3_Combined_0_15_IRQHandler
 .text.GPIO3_Combined_16_31_IRQHandler
                0x70005c98        0x8 ./startup/startup_mimxrt1064.o
                0x70005c98                GPIO3_Combined_16_31_IRQHandler
 .text.GPIO4_Combined_0_15_IRQHandler
                0x70005ca0        0x8 ./startup/startup_mimxrt1064.o
                0x70005ca0                GPIO4_Combined_0_15_IRQHandler
 .text.GPIO4_Combined_16_31_IRQHandler
                0x70005ca8        0x8 ./startup/startup_mimxrt1064.o
                0x70005ca8                GPIO4_Combined_16_31_IRQHandler
 .text.GPIO5_Combined_0_15_IRQHandler
                0x70005cb0        0x8 ./startup/startup_mimxrt1064.o
                0x70005cb0                GPIO5_Combined_0_15_IRQHandler
 .text.GPIO5_Combined_16_31_IRQHandler
                0x70005cb8        0x8 ./startup/startup_mimxrt1064.o
                0x70005cb8                GPIO5_Combined_16_31_IRQHandler
 .text.FLEXIO1_IRQHandler
                0x70005cc0        0x8 ./startup/startup_mimxrt1064.o
                0x70005cc0                FLEXIO1_IRQHandler
 .text.FLEXIO2_IRQHandler
                0x70005cc8        0x8 ./startup/startup_mimxrt1064.o
                0x70005cc8                FLEXIO2_IRQHandler
 .text.WDOG1_IRQHandler
                0x70005cd0        0x8 ./startup/startup_mimxrt1064.o
                0x70005cd0                WDOG1_IRQHandler
 .text.RTWDOG_IRQHandler
                0x70005cd8        0x8 ./startup/startup_mimxrt1064.o
                0x70005cd8                RTWDOG_IRQHandler
 .text.EWM_IRQHandler
                0x70005ce0        0x8 ./startup/startup_mimxrt1064.o
                0x70005ce0                EWM_IRQHandler
 .text.CCM_1_IRQHandler
                0x70005ce8        0x8 ./startup/startup_mimxrt1064.o
                0x70005ce8                CCM_1_IRQHandler
 .text.CCM_2_IRQHandler
                0x70005cf0        0x8 ./startup/startup_mimxrt1064.o
                0x70005cf0                CCM_2_IRQHandler
 .text.GPC_IRQHandler
                0x70005cf8        0x8 ./startup/startup_mimxrt1064.o
                0x70005cf8                GPC_IRQHandler
 .text.SRC_IRQHandler
                0x70005d00        0x8 ./startup/startup_mimxrt1064.o
                0x70005d00                SRC_IRQHandler
 .text.Reserved115_IRQHandler
                0x70005d08        0x8 ./startup/startup_mimxrt1064.o
                0x70005d08                Reserved115_IRQHandler
 .text.GPT1_IRQHandler
                0x70005d10        0x8 ./startup/startup_mimxrt1064.o
                0x70005d10                GPT1_IRQHandler
 .text.GPT2_IRQHandler
                0x70005d18        0x8 ./startup/startup_mimxrt1064.o
                0x70005d18                GPT2_IRQHandler
 .text.PWM1_0_IRQHandler
                0x70005d20        0x8 ./startup/startup_mimxrt1064.o
                0x70005d20                PWM1_0_IRQHandler
 .text.PWM1_1_IRQHandler
                0x70005d28        0x8 ./startup/startup_mimxrt1064.o
                0x70005d28                PWM1_1_IRQHandler
 .text.PWM1_2_IRQHandler
                0x70005d30        0x8 ./startup/startup_mimxrt1064.o
                0x70005d30                PWM1_2_IRQHandler
 .text.PWM1_3_IRQHandler
                0x70005d38        0x8 ./startup/startup_mimxrt1064.o
                0x70005d38                PWM1_3_IRQHandler
 .text.PWM1_FAULT_IRQHandler
                0x70005d40        0x8 ./startup/startup_mimxrt1064.o
                0x70005d40                PWM1_FAULT_IRQHandler
 .text.FLEXSPI2_IRQHandler
                0x70005d48        0x8 ./startup/startup_mimxrt1064.o
                0x70005d48                FLEXSPI2_IRQHandler
 .text.FLEXSPI_IRQHandler
                0x70005d50        0x8 ./startup/startup_mimxrt1064.o
                0x70005d50                FLEXSPI_IRQHandler
 .text.SEMC_IRQHandler
                0x70005d58        0x8 ./startup/startup_mimxrt1064.o
                0x70005d58                SEMC_IRQHandler
 .text.USDHC1_IRQHandler
                0x70005d60        0x8 ./startup/startup_mimxrt1064.o
                0x70005d60                USDHC1_IRQHandler
 .text.USDHC2_IRQHandler
                0x70005d68        0x8 ./startup/startup_mimxrt1064.o
                0x70005d68                USDHC2_IRQHandler
 .text.USB_OTG2_IRQHandler
                0x70005d70        0x8 ./startup/startup_mimxrt1064.o
                0x70005d70                USB_OTG2_IRQHandler
 .text.USB_OTG1_IRQHandler
                0x70005d78        0x8 ./startup/startup_mimxrt1064.o
                0x70005d78                USB_OTG1_IRQHandler
 .text.ENET_IRQHandler
                0x70005d80        0x8 ./startup/startup_mimxrt1064.o
                0x70005d80                ENET_IRQHandler
 .text.ENET_1588_Timer_IRQHandler
                0x70005d88        0x8 ./startup/startup_mimxrt1064.o
                0x70005d88                ENET_1588_Timer_IRQHandler
 .text.XBAR1_IRQ_0_1_IRQHandler
                0x70005d90        0x8 ./startup/startup_mimxrt1064.o
                0x70005d90                XBAR1_IRQ_0_1_IRQHandler
 .text.XBAR1_IRQ_2_3_IRQHandler
                0x70005d98        0x8 ./startup/startup_mimxrt1064.o
                0x70005d98                XBAR1_IRQ_2_3_IRQHandler
 .text.ADC_ETC_IRQ0_IRQHandler
                0x70005da0        0x8 ./startup/startup_mimxrt1064.o
                0x70005da0                ADC_ETC_IRQ0_IRQHandler
 .text.ADC_ETC_IRQ1_IRQHandler
                0x70005da8        0x8 ./startup/startup_mimxrt1064.o
                0x70005da8                ADC_ETC_IRQ1_IRQHandler
 .text.ADC_ETC_IRQ2_IRQHandler
                0x70005db0        0x8 ./startup/startup_mimxrt1064.o
                0x70005db0                ADC_ETC_IRQ2_IRQHandler
 .text.ADC_ETC_ERROR_IRQ_IRQHandler
                0x70005db8        0x8 ./startup/startup_mimxrt1064.o
                0x70005db8                ADC_ETC_ERROR_IRQ_IRQHandler
 .text.PIT_IRQHandler
                0x70005dc0        0x8 ./startup/startup_mimxrt1064.o
                0x70005dc0                PIT_IRQHandler
 .text.ACMP1_IRQHandler
                0x70005dc8        0x8 ./startup/startup_mimxrt1064.o
                0x70005dc8                ACMP1_IRQHandler
 .text.ACMP2_IRQHandler
                0x70005dd0        0x8 ./startup/startup_mimxrt1064.o
                0x70005dd0                ACMP2_IRQHandler
 .text.ACMP3_IRQHandler
                0x70005dd8        0x8 ./startup/startup_mimxrt1064.o
                0x70005dd8                ACMP3_IRQHandler
 .text.ACMP4_IRQHandler
                0x70005de0        0x8 ./startup/startup_mimxrt1064.o
                0x70005de0                ACMP4_IRQHandler
 .text.Reserved143_IRQHandler
                0x70005de8        0x8 ./startup/startup_mimxrt1064.o
                0x70005de8                Reserved143_IRQHandler
 .text.Reserved144_IRQHandler
                0x70005df0        0x8 ./startup/startup_mimxrt1064.o
                0x70005df0                Reserved144_IRQHandler
 .text.ENC1_IRQHandler
                0x70005df8        0x8 ./startup/startup_mimxrt1064.o
                0x70005df8                ENC1_IRQHandler
 .text.ENC2_IRQHandler
                0x70005e00        0x8 ./startup/startup_mimxrt1064.o
                0x70005e00                ENC2_IRQHandler
 .text.ENC3_IRQHandler
                0x70005e08        0x8 ./startup/startup_mimxrt1064.o
                0x70005e08                ENC3_IRQHandler
 .text.ENC4_IRQHandler
                0x70005e10        0x8 ./startup/startup_mimxrt1064.o
                0x70005e10                ENC4_IRQHandler
 .text.TMR1_IRQHandler
                0x70005e18        0x8 ./startup/startup_mimxrt1064.o
                0x70005e18                TMR1_IRQHandler
 .text.TMR2_IRQHandler
                0x70005e20        0x8 ./startup/startup_mimxrt1064.o
                0x70005e20                TMR2_IRQHandler
 .text.TMR3_IRQHandler
                0x70005e28        0x8 ./startup/startup_mimxrt1064.o
                0x70005e28                TMR3_IRQHandler
 .text.TMR4_IRQHandler
                0x70005e30        0x8 ./startup/startup_mimxrt1064.o
                0x70005e30                TMR4_IRQHandler
 .text.PWM2_0_IRQHandler
                0x70005e38        0x8 ./startup/startup_mimxrt1064.o
                0x70005e38                PWM2_0_IRQHandler
 .text.PWM2_1_IRQHandler
                0x70005e40        0x8 ./startup/startup_mimxrt1064.o
                0x70005e40                PWM2_1_IRQHandler
 .text.PWM2_2_IRQHandler
                0x70005e48        0x8 ./startup/startup_mimxrt1064.o
                0x70005e48                PWM2_2_IRQHandler
 .text.PWM2_3_IRQHandler
                0x70005e50        0x8 ./startup/startup_mimxrt1064.o
                0x70005e50                PWM2_3_IRQHandler
 .text.PWM2_FAULT_IRQHandler
                0x70005e58        0x8 ./startup/startup_mimxrt1064.o
                0x70005e58                PWM2_FAULT_IRQHandler
 .text.PWM3_0_IRQHandler
                0x70005e60        0x8 ./startup/startup_mimxrt1064.o
                0x70005e60                PWM3_0_IRQHandler
 .text.PWM3_1_IRQHandler
                0x70005e68        0x8 ./startup/startup_mimxrt1064.o
                0x70005e68                PWM3_1_IRQHandler
 .text.PWM3_2_IRQHandler
                0x70005e70        0x8 ./startup/startup_mimxrt1064.o
                0x70005e70                PWM3_2_IRQHandler
 .text.PWM3_3_IRQHandler
                0x70005e78        0x8 ./startup/startup_mimxrt1064.o
                0x70005e78                PWM3_3_IRQHandler
 .text.PWM3_FAULT_IRQHandler
                0x70005e80        0x8 ./startup/startup_mimxrt1064.o
                0x70005e80                PWM3_FAULT_IRQHandler
 .text.PWM4_0_IRQHandler
                0x70005e88        0x8 ./startup/startup_mimxrt1064.o
                0x70005e88                PWM4_0_IRQHandler
 .text.PWM4_1_IRQHandler
                0x70005e90        0x8 ./startup/startup_mimxrt1064.o
                0x70005e90                PWM4_1_IRQHandler
 .text.PWM4_2_IRQHandler
                0x70005e98        0x8 ./startup/startup_mimxrt1064.o
                0x70005e98                PWM4_2_IRQHandler
 .text.PWM4_3_IRQHandler
                0x70005ea0        0x8 ./startup/startup_mimxrt1064.o
                0x70005ea0                PWM4_3_IRQHandler
 .text.PWM4_FAULT_IRQHandler
                0x70005ea8        0x8 ./startup/startup_mimxrt1064.o
                0x70005ea8                PWM4_FAULT_IRQHandler
 .text.ENET2_IRQHandler
                0x70005eb0        0x8 ./startup/startup_mimxrt1064.o
                0x70005eb0                ENET2_IRQHandler
 .text.ENET2_1588_Timer_IRQHandler
                0x70005eb8        0x8 ./startup/startup_mimxrt1064.o
                0x70005eb8                ENET2_1588_Timer_IRQHandler
 .text.CAN3_IRQHandler
                0x70005ec0        0x8 ./startup/startup_mimxrt1064.o
                0x70005ec0                CAN3_IRQHandler
 .text.Reserved171_IRQHandler
                0x70005ec8        0x8 ./startup/startup_mimxrt1064.o
                0x70005ec8                Reserved171_IRQHandler
 .text.FLEXIO3_IRQHandler
                0x70005ed0        0x8 ./startup/startup_mimxrt1064.o
                0x70005ed0                FLEXIO3_IRQHandler
 .text.GPIO6_7_8_9_IRQHandler
                0x70005ed8        0x8 ./startup/startup_mimxrt1064.o
                0x70005ed8                GPIO6_7_8_9_IRQHandler
 .text.HardFault_Handler
                0x70005ee0       0x36 ./source/semihost_hardfault.o
                0x70005ee0                HardFault_Handler
 .text.Init_VIRTUAL_EEPROM
                0x70005f16       0x12 ./drivers/mtd/eeprom_virtual_W25Q32JV.o
                0x70005f16                Init_VIRTUAL_EEPROM
 .text.Erase_VIRTUAL_EEPROM
                0x70005f28       0x18 ./drivers/mtd/eeprom_virtual_W25Q32JV.o
 .text.Close_VIRTUAL_EEPROM
                0x70005f40       0x10 ./drivers/mtd/eeprom_virtual_W25Q32JV.o
 .text.Init_SFLASH
                0x70005f50        0xe ./drivers/mtd/externalflash_W25Q32JV.o
                0x70005f50                Init_SFLASH
 .text.Close_SFLASH
                0x70005f5e       0x10 ./drivers/mtd/externalflash_W25Q32JV.o
 .text.read_MTD
                0x70005f6e       0x4e ./drivers/mtd/mtd.o
                0x70005f6e                read_MTD
 .text.CLOCK_IsPllBypassed
                0x70005fbc       0x32 ./drivers/fsl_clock.o
 .text.CLOCK_IsPllEnabled
                0x70005fee       0x3c ./drivers/fsl_clock.o
 .text.CLOCK_GetPllBypassRefClk
                0x7000602a       0x34 ./drivers/fsl_clock.o
 .text._SDK_AtomicLocalClearAndSet4Byte
                0x7000605e       0x50 ./drivers/fsl_lpuart.o
 .text.CLOCK_EnableClock
                0x700060ae       0x1e ./drivers/fsl_lpuart.o
 .text.LPUART_SoftwareReset
                0x700060cc       0x2c ./drivers/fsl_lpuart.o
 .text.SystemInitHook
                0x700060f8        0xe ./device/system_MIMXRT1064.o
                0x700060f8                SystemInitHook
 .text.HAL_UartGetStatus
                0x70006106       0x28 ./component/uart/fsl_adapter_lpuart.o
 .text.DisableGlobalIRQ
                0x7000612e       0x22 ./component/serial_manager/fsl_component_serial_manager.o
 .text.EnableGlobalIRQ
                0x70006150       0x20 ./component/serial_manager/fsl_component_serial_manager.o
 .text.SerialManager_StartWriting
                0x70006170       0x38 ./component/serial_manager/fsl_component_serial_manager.o
 .text.SerialManager_Write
                0x700061a8       0x44 ./component/serial_manager/fsl_component_serial_manager.o
 .text.SerialManager_Init
                0x700061ec       0x60 ./component/serial_manager/fsl_component_serial_manager.o
                0x700061ec                SerialManager_Init
 .text.SerialManager_OpenWriteHandle
                0x7000624c       0x50 ./component/serial_manager/fsl_component_serial_manager.o
                0x7000624c                SerialManager_OpenWriteHandle
 .text.SerialManager_OpenReadHandle
                0x7000629c       0x60 ./component/serial_manager/fsl_component_serial_manager.o
                0x7000629c                SerialManager_OpenReadHandle
 .text.SerialManager_WriteBlocking
                0x700062fc       0x20 ./component/serial_manager/fsl_component_serial_manager.o
                0x700062fc                SerialManager_WriteBlocking
 .text.Serial_UartInit
                0x7000631c       0x3e ./component/serial_manager/fsl_component_serial_port_uart.o
                0x7000631c                Serial_UartInit
 .text.Serial_UartWrite
                0x7000635a       0x38 ./component/serial_manager/fsl_component_serial_port_uart.o
                0x7000635a                Serial_UartWrite
 .text.BOARD_InitDebugConsole
                0x70006392       0x22 ./board/board.o
                0x70006392                BOARD_InitDebugConsole
 .text._SDK_AtomicLocalClearAndSet4Byte
                0x700063b4       0x50 ./board/clock_config.o
 .text.CLOCK_DisableClock
                0x70006404       0x1e ./board/clock_config.o
 .text.CLOCK_SetPllBypass
                0x70006422       0x4e ./board/clock_config.o
 .text.IOMUXC_SetSaiMClkClockSource
                0x70006470       0x6c ./board/clock_config.o
 .text.BOARD_InitBootClocks
                0x700064dc        0xc ./board/clock_config.o
                0x700064dc                BOARD_InitBootClocks
 .text.__main   0x700064e8        0xe c:/nxp/mcuxpressoide_11.8.0_1165/ide/plugins/com.nxp.mcuxpresso.tools.win32_11.8.0.202306131047/tools/bin/../lib/gcc/arm-none-eabi/12.2.1/../../../../arm-none-eabi/lib/thumb/v7e-m+fp/hard\libcr_nohost_nf.a(_cr__main.o)
                0x700064e8                __main
 .text.memcpy   0x700064f6        0x4 c:/nxp/mcuxpressoide_11.8.0_1165/ide/plugins/com.nxp.mcuxpresso.tools.win32_11.8.0.202306131047/tools/bin/../lib/gcc/arm-none-eabi/12.2.1/../../../../arm-none-eabi/lib/thumb/v7e-m+fp/hard\libcr_c.a(memcpy.o)
                0x700064f6                memcpy
 .text.memset   0x700064fa        0x4 c:/nxp/mcuxpressoide_11.8.0_1165/ide/plugins/com.nxp.mcuxpresso.tools.win32_11.8.0.202306131047/tools/bin/../lib/gcc/arm-none-eabi/12.2.1/../../../../arm-none-eabi/lib/thumb/v7e-m+fp/hard\libcr_c.a(memset.o)
                0x700064fa                memset
 .text.free     0x700064fe       0x30 c:/nxp/mcuxpressoide_11.8.0_1165/ide/plugins/com.nxp.mcuxpresso.tools.win32_11.8.0.202306131047/tools/bin/../lib/gcc/arm-none-eabi/12.2.1/../../../../arm-none-eabi/lib/thumb/v7e-m+fp/hard\libcr_c.a(alloc.o)
                0x700064fe                free
 .text.memcmp   0x7000652e       0x44 c:/nxp/mcuxpressoide_11.8.0_1165/ide/plugins/com.nxp.mcuxpresso.tools.win32_11.8.0.202306131047/tools/bin/../lib/gcc/arm-none-eabi/12.2.1/../../../../arm-none-eabi/lib/thumb/v7e-m+fp/hard\libcr_c.a(memcmp.o)
                0x7000652e                memcmp
 .text.setvbuf  0x70006572       0x3e c:/nxp/mcuxpressoide_11.8.0_1165/ide/plugins/com.nxp.mcuxpresso.tools.win32_11.8.0.202306131047/tools/bin/../lib/gcc/arm-none-eabi/12.2.1/../../../../arm-none-eabi/lib/thumb/v7e-m+fp/hard\libcr_c.a(setvbuf.o)
                0x70006572                setvbuf
 .text.strlen   0x700065b0       0x4e c:/nxp/mcuxpressoide_11.8.0_1165/ide/plugins/com.nxp.mcuxpresso.tools.win32_11.8.0.202306131047/tools/bin/../lib/gcc/arm-none-eabi/12.2.1/../../../../arm-none-eabi/lib/thumb/v7e-m+fp/hard\libcr_c.a(strlen.o)
                0x700065b0                strlen
 .text._deferredlazyseek
                0x700065fe       0x40 c:/nxp/mcuxpressoide_11.8.0_1165/ide/plugins/com.nxp.mcuxpresso.tools.win32_11.8.0.202306131047/tools/bin/../lib/gcc/arm-none-eabi/12.2.1/../../../../arm-none-eabi/lib/thumb/v7e-m+fp/hard\libcr_c.a(_deferredlazyseek.o)
                0x700065fe                _deferredlazyseek
 .text._fdopen  0x7000663e       0x68 c:/nxp/mcuxpressoide_11.8.0_1165/ide/plugins/com.nxp.mcuxpresso.tools.win32_11.8.0.202306131047/tools/bin/../lib/gcc/arm-none-eabi/12.2.1/../../../../arm-none-eabi/lib/thumb/v7e-m+fp/hard\libcr_c.a(_fdopen.o)
                0x7000663e                _fdopen
 .text._fflush  0x700066a6       0x52 c:/nxp/mcuxpressoide_11.8.0_1165/ide/plugins/com.nxp.mcuxpresso.tools.win32_11.8.0.202306131047/tools/bin/../lib/gcc/arm-none-eabi/12.2.1/../../../../arm-none-eabi/lib/thumb/v7e-m+fp/hard\libcr_c.a(_fflush.o)
                0x700066a6                _fflush
 .text.fclose   0x700066f8       0x58 c:/nxp/mcuxpressoide_11.8.0_1165/ide/plugins/com.nxp.mcuxpresso.tools.win32_11.8.0.202306131047/tools/bin/../lib/gcc/arm-none-eabi/12.2.1/../../../../arm-none-eabi/lib/thumb/v7e-m+fp/hard\libcr_c.a(fclose.o)
                0x700066f8                fclose
 .text.remove   0x70006750       0x14 c:/nxp/mcuxpressoide_11.8.0_1165/ide/plugins/com.nxp.mcuxpresso.tools.win32_11.8.0.202306131047/tools/bin/../lib/gcc/arm-none-eabi/12.2.1/../../../../arm-none-eabi/lib/thumb/v7e-m+fp/hard\libcr_c.a(remove.o)
                0x70006750                remove
 .text._do_fflush
                0x70006764       0x40 c:/nxp/mcuxpressoide_11.8.0_1165/ide/plugins/com.nxp.mcuxpresso.tools.win32_11.8.0.202306131047/tools/bin/../lib/gcc/arm-none-eabi/12.2.1/../../../../arm-none-eabi/lib/thumb/v7e-m+fp/hard\libcr_c.a(_do_fflush.o)
                0x70006764                _do_fflush
 .text.__aeabi_division_uldivmod
                0x700067a4      0x174 c:/nxp/mcuxpressoide_11.8.0_1165/ide/plugins/com.nxp.mcuxpresso.tools.win32_11.8.0.202306131047/tools/bin/../lib/gcc/arm-none-eabi/12.2.1/thumb/v7e-m+fp/hard\libcr_eabihelpers.a(division_64.o)
                0x700067a4                __aeabi_uldivmod
                0x700067a8                __bhs_ldivmod1
 .text.__aeabi_division_idiv0
                0x70006918        0x2 c:/nxp/mcuxpressoide_11.8.0_1165/ide/plugins/com.nxp.mcuxpresso.tools.win32_11.8.0.202306131047/tools/bin/../lib/gcc/arm-none-eabi/12.2.1/thumb/v7e-m+fp/hard\libcr_eabihelpers.a(division_idiv0.o)
                0x70006918                __aeabi_idiv0
 .text.__aeabi_memcpy
                0x7000691a       0x34 c:/nxp/mcuxpressoide_11.8.0_1165/ide/plugins/com.nxp.mcuxpresso.tools.win32_11.8.0.202306131047/tools/bin/../lib/gcc/arm-none-eabi/12.2.1/thumb/v7e-m+fp/hard\libcr_eabihelpers.a(memcpy.o)
                0x7000691a                __aeabi_memcpy
                0x70006924                __aeabi_memcpy8
                0x70006924                __aeabi_memcpy4
 .text.__aeabi_memset_lowlevel
                0x7000694e       0x32 c:/nxp/mcuxpressoide_11.8.0_1165/ide/plugins/com.nxp.mcuxpresso.tools.win32_11.8.0.202306131047/tools/bin/../lib/gcc/arm-none-eabi/12.2.1/thumb/v7e-m+fp/hard\libcr_eabihelpers.a(memcpy.o)
                0x7000694e                __aeabi_lowlevel_memset
 .text.__sys_close
                0x70006980        0x6 c:/nxp/mcuxpressoide_11.8.0_1165/ide/plugins/com.nxp.mcuxpresso.tools.win32_11.8.0.202306131047/tools/bin/../lib/gcc/arm-none-eabi/12.2.1/../../../../arm-none-eabi/lib/thumb/v7e-m+fp/hard\libcr_nohost_nf.a(__sys_close.o)
                0x70006980                __sys_close
 .text.__sys_flen
                0x70006986        0x6 c:/nxp/mcuxpressoide_11.8.0_1165/ide/plugins/com.nxp.mcuxpresso.tools.win32_11.8.0.202306131047/tools/bin/../lib/gcc/arm-none-eabi/12.2.1/../../../../arm-none-eabi/lib/thumb/v7e-m+fp/hard\libcr_nohost_nf.a(__sys_flen.o)
                0x70006986                __sys_flen
 .text.__sys_istty
                0x7000698c        0x6 c:/nxp/mcuxpressoide_11.8.0_1165/ide/plugins/com.nxp.mcuxpresso.tools.win32_11.8.0.202306131047/tools/bin/../lib/gcc/arm-none-eabi/12.2.1/../../../../arm-none-eabi/lib/thumb/v7e-m+fp/hard\libcr_nohost_nf.a(__sys_istty.o)
                0x7000698c                __sys_istty
 .text.__sys_remove
                0x70006992        0x6 c:/nxp/mcuxpressoide_11.8.0_1165/ide/plugins/com.nxp.mcuxpresso.tools.win32_11.8.0.202306131047/tools/bin/../lib/gcc/arm-none-eabi/12.2.1/../../../../arm-none-eabi/lib/thumb/v7e-m+fp/hard\libcr_nohost_nf.a(__sys_remove.o)
                0x70006992                __sys_remove
 .text.__sys_seek
                0x70006998        0x6 c:/nxp/mcuxpressoide_11.8.0_1165/ide/plugins/com.nxp.mcuxpresso.tools.win32_11.8.0.202306131047/tools/bin/../lib/gcc/arm-none-eabi/12.2.1/../../../../arm-none-eabi/lib/thumb/v7e-m+fp/hard\libcr_nohost_nf.a(__sys_seek.o)
                0x70006998                __sys_seek
 .text.__sys_tmpnam
                0x7000699e        0x6 c:/nxp/mcuxpressoide_11.8.0_1165/ide/plugins/com.nxp.mcuxpresso.tools.win32_11.8.0.202306131047/tools/bin/../lib/gcc/arm-none-eabi/12.2.1/../../../../arm-none-eabi/lib/thumb/v7e-m+fp/hard\libcr_nohost_nf.a(__sys_tmpnam.o)
                0x7000699e                __sys_tmpnam
 .text.__sys_write
                0x700069a4        0x4 c:/nxp/mcuxpressoide_11.8.0_1165/ide/plugins/com.nxp.mcuxpresso.tools.win32_11.8.0.202306131047/tools/bin/../lib/gcc/arm-none-eabi/12.2.1/../../../../arm-none-eabi/lib/thumb/v7e-m+fp/hard\libcr_nohost_nf.a(__sys_write.o)
                0x700069a4                __sys_write
 .text.__sys_write.__stub
                0x700069a8       0x28 linker stubs
 *(SORT_BY_ALIGNMENT(.rodata) SORT_BY_ALIGNMENT(.rodata.*) SORT_BY_ALIGNMENT(.constdata) SORT_BY_ALIGNMENT(.constdata.*))
 .rodata.__assertion_failed.str1.4
                0x700069d0       0x14 ./utilities/fsl_assert.o
 .rodata.main.str1.4
                0x700069e4        0xe ./source/fboot.o
 *fill*         0x700069f2        0x2 ff
 .rodata.CLOCK_InitExternalClk.str1.4
                0x700069f4       0x21 ./drivers/fsl_clock.o
 *fill*         0x70006a15        0x3 ff
 .rodata.CLOCK_GetPllFreq.str1.4
                0x70006a18       0x6d ./drivers/fsl_clock.o
 *fill*         0x70006a85        0x3 ff
 .rodata.enetRefClkFreq.1
                0x70006a88       0x10 ./drivers/fsl_clock.o
 .rodata.CLOCK_ControlGate.str1.4
                0x70006a98       0x20 ./drivers/fsl_lpuart.o
 .rodata.s_lpuartBases
                0x70006ab8       0x24 ./drivers/fsl_lpuart.o
 .rodata.s_lpuartClock
                0x70006adc       0x12 ./drivers/fsl_lpuart.o
 *fill*         0x70006aee        0x2 ff
 .rodata.LPUART_GetInstance.str1.4
                0x70006af0       0x38 ./drivers/fsl_lpuart.o
 .rodata.LPUART_Init.str1.4
                0x70006b28      0x10a ./drivers/fsl_lpuart.o
 *fill*         0x70006c32        0x2 ff
 .rodata.LPUART_GetDefaultConfig.str1.4
                0x70006c34       0x22 ./drivers/fsl_lpuart.o
 *fill*         0x70006c56        0x2 ff
 .rodata.LPUART_WriteBlocking.str1.4
                0x70006c58       0x21 ./drivers/fsl_lpuart.o
 *fill*         0x70006c79        0x3 ff
 .rodata.s_LpuartAdapterBase
                0x70006c7c       0x24 ./component/uart/fsl_adapter_lpuart.o
 .rodata.HAL_UartInit.str1.4
                0x70006ca0      0x116 ./component/uart/fsl_adapter_lpuart.o
 *fill*         0x70006db6        0x2 ff
 .rodata.HAL_UartSendBlocking.str1.4
                0x70006db8       0x7b ./component/uart/fsl_adapter_lpuart.o
 *fill*         0x70006e33        0x1 ff
 .rodata.BOARD_ConfigMPU.str1.4
                0x70006e34       0x69 ./board/board.o
 *fill*         0x70006e9d        0x3 ff
 .rodata.CLOCK_SetMux.str1.4
                0x70006ea0       0x7f ./board/clock_config.o
 *fill*         0x70006f1f        0x1 ff
 .rodata.CLOCK_SetDiv.str1.4
                0x70006f20       0x7f ./board/clock_config.o
 *fill*         0x70006f9f        0x1 ff
 .rodata.CLOCK_ControlGate.str1.4
                0x70006fa0       0x6e ./board/clock_config.o
 *fill*         0x7000700e        0x2 ff
 .rodata.armPllConfig_BOARD_BootClockRUN
                0x70007010        0x8 ./board/clock_config.o
                0x70007010                armPllConfig_BOARD_BootClockRUN
 .rodata.sysPllConfig_BOARD_BootClockRUN
                0x70007018       0x14 ./board/clock_config.o
                0x70007018                sysPllConfig_BOARD_BootClockRUN
 .rodata.aFLASH_START_SECTOR
                0x7000702c        0x4 ./arch/arm/rt1064/mach-cansteer_v3/cansteer_v3.o
                0x7000702c                aFLASH_START_SECTOR
 .rodata.eepromPages
                0x70007030       0x10 C:\Users\PLANTIUM\Documents\MCUXpressoIDE_11.8.0_1165\workspace\CSP_rt1064\Debug\libCSP_rt1064.a(eeprom_virtual.o)
 .rodata.str1.4
                0x70007040      0x11c C:\Users\PLANTIUM\Documents\MCUXpressoIDE_11.8.0_1165\workspace\CSP_rt1064\Debug\libCSP_rt1064.a(sflash_W25Q32JV.o)
 .rodata.FLEXSPI_customLUT
                0x7000715c       0xf0 C:\Users\PLANTIUM\Documents\MCUXpressoIDE_11.8.0_1165\workspace\CSP_rt1064\Debug\libCSP_rt1064.a(sflash_W25Q32JV.o)
                0x7000715c                FLEXSPI_customLUT
 .rodata.str1.4
                0x7000724c       0x3c C:\Users\PLANTIUM\Documents\MCUXpressoIDE_11.8.0_1165\workspace\CSP_rt1064\Debug\libCSP_rt1064.a(fsl_flexspi.o)
 .rodata.__num_Ciob_streams
                0x70007288        0x4 c:/nxp/mcuxpressoide_11.8.0_1165/ide/plugins/com.nxp.mcuxpresso.tools.win32_11.8.0.202306131047/tools/bin/../lib/gcc/arm-none-eabi/12.2.1/../../../../arm-none-eabi/lib/thumb/v7e-m+fp/hard\libcr_nohost_nf.a(__ciob.o)
                0x70007288                __num_Ciob_streams
 .rodata._initio.str1.1
                0x7000728c        0x4 c:/nxp/mcuxpressoide_11.8.0_1165/ide/plugins/com.nxp.mcuxpresso.tools.win32_11.8.0.202306131047/tools/bin/../lib/gcc/arm-none-eabi/12.2.1/../../../../arm-none-eabi/lib/thumb/v7e-m+fp/hard\libcr_c.a(initio.o)
                0x70007290                . = ALIGN (0x4)

.glue_7         0x70007290        0x0
 .glue_7        0x70007290        0x0 linker stubs

.glue_7t        0x70007290        0x0
 .glue_7t       0x70007290        0x0 linker stubs

.vfp11_veneer   0x70007290        0x0
 .vfp11_veneer  0x70007290        0x0 linker stubs

.v4_bx          0x70007290        0x0
 .v4_bx         0x70007290        0x0 linker stubs

.iplt           0x70007290        0x0
 .iplt          0x70007290        0x0 ./xip/fsl_flexspi_nor_boot.o

.ARM.extab
 *(SORT_BY_ALIGNMENT(.ARM.extab*) SORT_BY_ALIGNMENT(.gnu.linkonce.armextab.*))

.ARM.exidx      0x70007290        0x0
                0x70007290                __exidx_start = .
 *(SORT_BY_ALIGNMENT(.ARM.exidx*) SORT_BY_ALIGNMENT(.gnu.linkonce.armexidx.*))
                0x70007290                __exidx_end = .
                0x70007290                _etext = .

.data_RAM2      0x00000000      0xca0 load address 0x70007290
 FILL mask 0xff
                [!provide]                PROVIDE (__start_data_RAM2 = .)
                [!provide]                PROVIDE (__start_data_SRAM_ITC = .)
 *(SORT_BY_ALIGNMENT(.ramfunc.$RAM2))
 .ramfunc.$RAM2
                0x00000000      0x720 C:\Users\PLANTIUM\Documents\MCUXpressoIDE_11.8.0_1165\workspace\CSP_rt1064\Debug\libCSP_rt1064.a(sflash_W25Q32JV.o)
                0x00000030                SFLASH_init
                0x0000007c                SFLASH_erase_sector
                0x00000170                Erase_FLASH
                0x00000200                SFLASH_WriteByte
                0x000002f8                WriteWord_FLASH
                0x0000035c                Read_FLASH
                0x000003b0                _wait_bus_busy
                0x00000418                _enable_cache
                0x00000508                _disable_cache
                0x00000614                _write_enable
                0x0000064a                _enable_quad_mode
                0x000006d2                _get_vendor_id
 .ramfunc.$RAM2
                0x00000720      0x534 C:\Users\PLANTIUM\Documents\MCUXpressoIDE_11.8.0_1165\workspace\CSP_rt1064\Debug\libCSP_rt1064.a(fsl_flexspi.o)
                0x00000720                FLEXSPI_CheckAndClearError
                0x00000818                FLEXSPI_UpdateLUT
                0x000008a4                FLEXSPI_WriteBlocking
                0x000009c0                FLEXSPI_ReadBlocking
                0x00000b34                FLEXSPI_TransferBlocking
 .ramfunc.$RAM2
                0x00000c54       0x1a C:\Users\PLANTIUM\Documents\MCUXpressoIDE_11.8.0_1165\workspace\CSP_rt1064\Debug\libCSP_rt1064.a(fsl_cache.o)
                0x00000c54                DCACHE_InvalidateByRange
 *fill*         0x00000c6e        0x2 ff
 .ramfunc.$RAM2.__stub
                0x00000c70       0x30 linker stubs
 *(SORT_BY_ALIGNMENT(.ramfunc.$SRAM_ITC))
 *(SORT_BY_ALIGNMENT(.data.$RAM2))
 *(SORT_BY_ALIGNMENT(.data.$SRAM_ITC))
 *(SORT_BY_ALIGNMENT(.data.$RAM2.*))
 *(SORT_BY_ALIGNMENT(.data.$SRAM_ITC.*))
                0x00000ca0                . = ALIGN (0x4)
 *fill*         0x00000ca0        0x0 ff
                [!provide]                PROVIDE (__end_data_RAM2 = .)
                [!provide]                PROVIDE (__end_data_SRAM_ITC = .)

.rel.dyn        0x00000ca0        0x0 load address 0x70007f30
 .rel.iplt      0x00000ca0        0x0 ./xip/fsl_flexspi_nor_boot.o

.data_RAM3      0x20200000        0x0 load address 0x70007f30
 FILL mask 0xff
                [!provide]                PROVIDE (__start_data_RAM3 = .)
                [!provide]                PROVIDE (__start_data_SRAM_OC2 = .)
 *(SORT_BY_ALIGNMENT(.ramfunc.$RAM3))
 *(SORT_BY_ALIGNMENT(.ramfunc.$SRAM_OC2))
 *(SORT_BY_ALIGNMENT(.data.$RAM3))
 *(SORT_BY_ALIGNMENT(.data.$SRAM_OC2))
 *(SORT_BY_ALIGNMENT(.data.$RAM3.*))
 *(SORT_BY_ALIGNMENT(.data.$SRAM_OC2.*))
                0x20200000                . = ALIGN (0x4)
                [!provide]                PROVIDE (__end_data_RAM3 = .)
                [!provide]                PROVIDE (__end_data_SRAM_OC2 = .)

.data_RAM4      0x20280000        0x0 load address 0x70007f30
 FILL mask 0xff
                [!provide]                PROVIDE (__start_data_RAM4 = .)
                [!provide]                PROVIDE (__start_data_SRAM_OC = .)
 *(SORT_BY_ALIGNMENT(.ramfunc.$RAM4))
 *(SORT_BY_ALIGNMENT(.ramfunc.$SRAM_OC))
 *(SORT_BY_ALIGNMENT(.data.$RAM4))
 *(SORT_BY_ALIGNMENT(.data.$SRAM_OC))
 *(SORT_BY_ALIGNMENT(.data.$RAM4.*))
 *(SORT_BY_ALIGNMENT(.data.$SRAM_OC.*))
                0x20280000                . = ALIGN (0x4)
                [!provide]                PROVIDE (__end_data_RAM4 = .)
                [!provide]                PROVIDE (__end_data_SRAM_OC = .)

.data_RAM5      0x80000000        0x0 load address 0x70007f30
 FILL mask 0xff
                [!provide]                PROVIDE (__start_data_RAM5 = .)
                [!provide]                PROVIDE (__start_data_BOARD_SDRAM = .)
 *(SORT_BY_ALIGNMENT(.ramfunc.$RAM5))
 *(SORT_BY_ALIGNMENT(.ramfunc.$BOARD_SDRAM))
 *(SORT_BY_ALIGNMENT(.data.$RAM5))
 *(SORT_BY_ALIGNMENT(.data.$BOARD_SDRAM))
 *(SORT_BY_ALIGNMENT(.data.$RAM5.*))
 *(SORT_BY_ALIGNMENT(.data.$BOARD_SDRAM.*))
                0x80000000                . = ALIGN (0x4)
                [!provide]                PROVIDE (__end_data_RAM5 = .)
                [!provide]                PROVIDE (__end_data_BOARD_SDRAM = .)

.data_RAM6      0x81e00000        0x0 load address 0x70007f30
 FILL mask 0xff
                [!provide]                PROVIDE (__start_data_RAM6 = .)
                [!provide]                PROVIDE (__start_data_NCACHE_REGION = .)
 *(SORT_BY_ALIGNMENT(.ramfunc.$RAM6))
 *(SORT_BY_ALIGNMENT(.ramfunc.$NCACHE_REGION))
 *(SORT_BY_ALIGNMENT(.data.$RAM6))
 *(SORT_BY_ALIGNMENT(.data.$NCACHE_REGION))
 *(SORT_BY_ALIGNMENT(.data.$RAM6.*))
 *(SORT_BY_ALIGNMENT(.data.$NCACHE_REGION.*))
                0x81e00000                . = ALIGN (0x4)
                [!provide]                PROVIDE (__end_data_RAM6 = .)
                [!provide]                PROVIDE (__end_data_NCACHE_REGION = .)

.uninit_RESERVED
                0x20000000        0x0
                0x20000000                _start_uninit_RESERVED = .
 *(SORT_BY_ALIGNMENT(.bss.$RESERVED*))
                0x20000000                . = ALIGN (0x4)
                0x20000000                _end_uninit_RESERVED = .

.data           0x20000000       0x60 load address 0x70007f30
 FILL mask 0xff
                0x20000000                _data = .
                [!provide]                PROVIDE (__start_data_RAM = .)
                [!provide]                PROVIDE (__start_data_SRAM_DTC = .)
 *(SORT_BY_ALIGNMENT(vtable))
 *(SORT_BY_ALIGNMENT(.ramfunc*))
 *(SORT_BY_ALIGNMENT(CodeQuickAccess))
 *(SORT_BY_ALIGNMENT(DataQuickAccess))
 *(SORT_BY_ALIGNMENT(RamFunction))
 *(SORT_BY_ALIGNMENT(.data*))
 .data.SystemCoreClock
                0x20000000        0x4 ./device/system_MIMXRT1064.o
                0x20000000                SystemCoreClock
 .data.VIRTUAL_EEPROM
                0x20000004       0x2c ./arch/arm/rt1064/mach-cansteer_v3/cansteer_v3.o
                0x20000004                VIRTUAL_EEPROM
 .data.EFLASH   0x20000030       0x2c ./arch/arm/rt1064/mach-cansteer_v3/cansteer_v3.o
                0x20000030                EFLASH
 .data.base_addr
                0x2000005c        0x4 C:\Users\PLANTIUM\Documents\MCUXpressoIDE_11.8.0_1165\workspace\CSP_rt1064\Debug\libCSP_rt1064.a(sflash_W25Q32JV.o)
                0x2000005c                base_addr
                0x20000060                . = ALIGN (0x4)
                0x20000060                _edata = .
                [!provide]                PROVIDE (__end_data_RAM = .)
                [!provide]                PROVIDE (__end_data_SRAM_DTC = .)

.igot.plt       0x20000060        0x0 load address 0x70007f90
 .igot.plt      0x20000060        0x0 ./xip/fsl_flexspi_nor_boot.o

.bss_RAM2       0x00000ca0        0x0
                [!provide]                PROVIDE (__start_bss_RAM2 = .)
                [!provide]                PROVIDE (__start_bss_SRAM_ITC = .)
 *(SORT_BY_ALIGNMENT(.bss.$RAM2))
 *(SORT_BY_ALIGNMENT(.bss.$SRAM_ITC))
 *(SORT_BY_ALIGNMENT(.bss.$RAM2.*))
 *(SORT_BY_ALIGNMENT(.bss.$SRAM_ITC.*))
                0x00000ca0                . = ALIGN ((. != 0x0)?0x4:0x1)
                [!provide]                PROVIDE (__end_bss_RAM2 = .)
                [!provide]                PROVIDE (__end_bss_SRAM_ITC = .)

.bss_RAM3       0x20200000        0x0
                [!provide]                PROVIDE (__start_bss_RAM3 = .)
                [!provide]                PROVIDE (__start_bss_SRAM_OC2 = .)
 *(SORT_BY_ALIGNMENT(.bss.$RAM3))
 *(SORT_BY_ALIGNMENT(.bss.$SRAM_OC2))
 *(SORT_BY_ALIGNMENT(.bss.$RAM3.*))
 *(SORT_BY_ALIGNMENT(.bss.$SRAM_OC2.*))
                0x20200000                . = ALIGN ((. != 0x0)?0x4:0x1)
                [!provide]                PROVIDE (__end_bss_RAM3 = .)
                [!provide]                PROVIDE (__end_bss_SRAM_OC2 = .)

.bss_RAM4       0x20280000        0x0
                [!provide]                PROVIDE (__start_bss_RAM4 = .)
                [!provide]                PROVIDE (__start_bss_SRAM_OC = .)
 *(SORT_BY_ALIGNMENT(.bss.$RAM4))
 *(SORT_BY_ALIGNMENT(.bss.$SRAM_OC))
 *(SORT_BY_ALIGNMENT(.bss.$RAM4.*))
 *(SORT_BY_ALIGNMENT(.bss.$SRAM_OC.*))
                0x20280000                . = ALIGN ((. != 0x0)?0x4:0x1)
                [!provide]                PROVIDE (__end_bss_RAM4 = .)
                [!provide]                PROVIDE (__end_bss_SRAM_OC = .)

.bss_RAM5       0x80000000        0x0
                [!provide]                PROVIDE (__start_bss_RAM5 = .)
                [!provide]                PROVIDE (__start_bss_BOARD_SDRAM = .)
 *(SORT_BY_ALIGNMENT(.bss.$RAM5))
 *(SORT_BY_ALIGNMENT(.bss.$BOARD_SDRAM))
 *(SORT_BY_ALIGNMENT(.bss.$RAM5.*))
 *(SORT_BY_ALIGNMENT(.bss.$BOARD_SDRAM.*))
                0x80000000                . = ALIGN ((. != 0x0)?0x4:0x1)
                [!provide]                PROVIDE (__end_bss_RAM5 = .)
                [!provide]                PROVIDE (__end_bss_BOARD_SDRAM = .)

.bss_RAM6       0x81e00000        0x0
                [!provide]                PROVIDE (__start_bss_RAM6 = .)
                [!provide]                PROVIDE (__start_bss_NCACHE_REGION = .)
 *(SORT_BY_ALIGNMENT(.bss.$RAM6))
 *(SORT_BY_ALIGNMENT(.bss.$NCACHE_REGION))
 *(SORT_BY_ALIGNMENT(.bss.$RAM6.*))
 *(SORT_BY_ALIGNMENT(.bss.$NCACHE_REGION.*))
                0x81e00000                . = ALIGN ((. != 0x0)?0x4:0x1)
                [!provide]                PROVIDE (__end_bss_RAM6 = .)
                [!provide]                PROVIDE (__end_bss_NCACHE_REGION = .)

.bss            0x20000060      0x4b8
                0x20000060                _bss = .
                [!provide]                PROVIDE (__start_bss_RAM = .)
                [!provide]                PROVIDE (__start_bss_SRAM_DTC = .)
 *(SORT_BY_ALIGNMENT(.bss*))
 .bss.s_debugConsoleState
                0x20000060       0x20 ./utilities/fsl_debug_console.o
 .bss.g_serialHandle
                0x20000080        0x4 ./utilities/fsl_debug_console.o
                0x20000080                g_serialHandle
 .bss.pMTD      0x20000084        0x4 ./drivers/mtd/eeprom_virtual_W25Q32JV.o
 .bss.pMTD      0x20000088        0x4 ./drivers/mtd/externalflash_W25Q32JV.o
 .bss.tMTD      0x2000008c      0x160 ./drivers/mtd/mtd.o
 .bss.g_xtalFreq
                0x200001ec        0x4 ./drivers/fsl_clock.o
                0x200001ec                g_xtalFreq
 .bss.g_rtcXtalFreq
                0x200001f0        0x4 ./drivers/fsl_clock.o
                0x200001f0                g_rtcXtalFreq
 .bss.s_lpuartHandle
                0x200001f4       0x24 ./drivers/fsl_lpuart.o
                0x200001f4                s_lpuartHandle
 .bss.s_lpuartIsr
                0x20000218       0x24 ./drivers/fsl_lpuart.o
                0x20000218                s_lpuartIsr
 .bss._nbOfVar  0x2000023c        0x4 C:\Users\PLANTIUM\Documents\MCUXpressoIDE_11.8.0_1165\workspace\CSP_rt1064\Debug\libCSP_rt1064.a(eeprom_virtual.o)
 .bss._lastWriteAddress
                0x20000240        0x4 C:\Users\PLANTIUM\Documents\MCUXpressoIDE_11.8.0_1165\workspace\CSP_rt1064\Debug\libCSP_rt1064.a(eeprom_virtual.o)
 .bss.s_nor_program_buffer.3
                0x20000244      0x100 C:\Users\PLANTIUM\Documents\MCUXpressoIDE_11.8.0_1165\workspace\CSP_rt1064\Debug\libCSP_rt1064.a(sflash_W25Q32JV.o)
 .bss.s_nor_read_buffer.2
                0x20000344      0x100 C:\Users\PLANTIUM\Documents\MCUXpressoIDE_11.8.0_1165\workspace\CSP_rt1064\Debug\libCSP_rt1064.a(sflash_W25Q32JV.o)
 .bss.program_buffer.1
                0x20000444        0x1 C:\Users\PLANTIUM\Documents\MCUXpressoIDE_11.8.0_1165\workspace\CSP_rt1064\Debug\libCSP_rt1064.a(sflash_W25Q32JV.o)
 *fill*         0x20000445        0x3 
 .bss.read_buffer_check.0
                0x20000448        0x1 C:\Users\PLANTIUM\Documents\MCUXpressoIDE_11.8.0_1165\workspace\CSP_rt1064\Debug\libCSP_rt1064.a(sflash_W25Q32JV.o)
 *fill*         0x20000449        0x3 
 .bss.s_flexspiHandle
                0x2000044c        0xc C:\Users\PLANTIUM\Documents\MCUXpressoIDE_11.8.0_1165\workspace\CSP_rt1064\Debug\libCSP_rt1064.a(fsl_flexspi.o)
 .bss.s_flexspiIsr
                0x20000458        0x4 C:\Users\PLANTIUM\Documents\MCUXpressoIDE_11.8.0_1165\workspace\CSP_rt1064\Debug\libCSP_rt1064.a(fsl_flexspi.o)
 .bss.errno     0x2000045c        0x4 c:/nxp/mcuxpressoide_11.8.0_1165/ide/plugins/com.nxp.mcuxpresso.tools.win32_11.8.0.202306131047/tools/bin/../lib/gcc/arm-none-eabi/12.2.1/../../../../arm-none-eabi/lib/thumb/v7e-m+fp/hard\libcr_c.a(errno.o)
                0x2000045c                errno
 .bss.__Ciob    0x20000460       0xb4 c:/nxp/mcuxpressoide_11.8.0_1165/ide/plugins/com.nxp.mcuxpresso.tools.win32_11.8.0.202306131047/tools/bin/../lib/gcc/arm-none-eabi/12.2.1/../../../../arm-none-eabi/lib/thumb/v7e-m+fp/hard\libcr_nohost_nf.a(__ciob.o)
                0x20000460                __Ciob
 .bss.s_debugConsoleReadWaitSemaphore
                0x20000514        0x1 ./utilities/fsl_debug_console.o
 .bss.J1939_SrcAddress
                0x20000515        0x1 ./j1939/j1939.o
                0x20000515                J1939_SrcAddress
 .bss.J1939_DstAddress
                0x20000516        0x1 ./j1939/j1939.o
                0x20000516                J1939_DstAddress
 *(SORT_BY_ALIGNMENT(COMMON))
                0x20000518                . = ALIGN (0x4)
 *fill*         0x20000517        0x1 
                0x20000518                _ebss = .
                [!provide]                PROVIDE (__end_bss_RAM = .)
                [!provide]                PROVIDE (__end_bss_SRAM_DTC = .)
                [!provide]                PROVIDE (end = .)

.noinit_RAM2    0x00000ca0        0x0
                [!provide]                PROVIDE (__start_noinit_RAM2 = .)
                [!provide]                PROVIDE (__start_noinit_SRAM_ITC = .)
 *(SORT_BY_ALIGNMENT(.noinit.$RAM2))
 *(SORT_BY_ALIGNMENT(.noinit.$SRAM_ITC))
 *(SORT_BY_ALIGNMENT(.noinit.$RAM2.*))
 *(SORT_BY_ALIGNMENT(.noinit.$SRAM_ITC.*))
                0x00000ca0                . = ALIGN (0x4)
                [!provide]                PROVIDE (__end_noinit_RAM2 = .)
                [!provide]                PROVIDE (__end_noinit_SRAM_ITC = .)

.noinit_RAM3    0x20200000        0x0
                [!provide]                PROVIDE (__start_noinit_RAM3 = .)
                [!provide]                PROVIDE (__start_noinit_SRAM_OC2 = .)
 *(SORT_BY_ALIGNMENT(.noinit.$RAM3))
 *(SORT_BY_ALIGNMENT(.noinit.$SRAM_OC2))
 *(SORT_BY_ALIGNMENT(.noinit.$RAM3.*))
 *(SORT_BY_ALIGNMENT(.noinit.$SRAM_OC2.*))
                0x20200000                . = ALIGN (0x4)
                [!provide]                PROVIDE (__end_noinit_RAM3 = .)
                [!provide]                PROVIDE (__end_noinit_SRAM_OC2 = .)

.noinit_RAM4    0x20280000        0x0
                [!provide]                PROVIDE (__start_noinit_RAM4 = .)
                [!provide]                PROVIDE (__start_noinit_SRAM_OC = .)
 *(SORT_BY_ALIGNMENT(.noinit.$RAM4))
 *(SORT_BY_ALIGNMENT(.noinit.$SRAM_OC))
 *(SORT_BY_ALIGNMENT(.noinit.$RAM4.*))
 *(SORT_BY_ALIGNMENT(.noinit.$SRAM_OC.*))
                0x20280000                . = ALIGN (0x4)
                [!provide]                PROVIDE (__end_noinit_RAM4 = .)
                [!provide]                PROVIDE (__end_noinit_SRAM_OC = .)

.noinit_RAM5    0x80000000        0x0
                [!provide]                PROVIDE (__start_noinit_RAM5 = .)
                [!provide]                PROVIDE (__start_noinit_BOARD_SDRAM = .)
 *(SORT_BY_ALIGNMENT(.noinit.$RAM5))
 *(SORT_BY_ALIGNMENT(.noinit.$BOARD_SDRAM))
 *(SORT_BY_ALIGNMENT(.noinit.$RAM5.*))
 *(SORT_BY_ALIGNMENT(.noinit.$BOARD_SDRAM.*))
                0x80000000                . = ALIGN (0x4)
                [!provide]                PROVIDE (__end_noinit_RAM5 = .)
                [!provide]                PROVIDE (__end_noinit_BOARD_SDRAM = .)

.noinit_RAM6    0x81e00000        0x0
                [!provide]                PROVIDE (__start_noinit_RAM6 = .)
                [!provide]                PROVIDE (__start_noinit_NCACHE_REGION = .)
 *(SORT_BY_ALIGNMENT(.noinit.$RAM6))
 *(SORT_BY_ALIGNMENT(.noinit.$NCACHE_REGION))
 *(SORT_BY_ALIGNMENT(.noinit.$RAM6.*))
 *(SORT_BY_ALIGNMENT(.noinit.$NCACHE_REGION.*))
                0x81e00000                . = ALIGN (0x4)
                [!provide]                PROVIDE (__end_noinit_RAM6 = .)
                [!provide]                PROVIDE (__end_noinit_NCACHE_REGION = .)

.noinit         0x20000518        0x0
                0x20000518                _noinit = .
                [!provide]                PROVIDE (__start_noinit_RAM = .)
                [!provide]                PROVIDE (__start_noinit_SRAM_DTC = .)
 *(SORT_BY_ALIGNMENT(.noinit*))
                0x20000518                . = ALIGN (0x4)
                0x20000518                _end_noinit = .
                [!provide]                PROVIDE (__end_noinit_RAM = .)
                [!provide]                PROVIDE (__end_noinit_SRAM_DTC = .)
                0x00001000                _HeapSize = 0x1000

.heap           0x20000518     0x1000
                0x20000518                _pvHeapStart = .
                0x20001518                . = (. + _HeapSize)
 *fill*         0x20000518     0x1000 
                0x20001518                . = ALIGN (0x4)
                0x20001518                _pvHeapLimit = .
                0x00001000                _StackSize = 0x1000

.heap2stackfill
                0x20001518     0x1000
                0x20002518                . = (. + _StackSize)
 *fill*         0x20001518     0x1000 

.stack          0x2001f000        0x0
                0x2001f000                _vStackBase = .
                0x2001f000                . = ALIGN (0x4)
                0x20020000                _vStackTop = (. + _StackSize)
                0x70002000                _image_start = LOADADDR (.text)
                0x70007f90                _image_end = (LOADADDR (.data) + SIZEOF (.data))
                0x00005f90                _image_size = (_image_end - _image_start)
OUTPUT(fboot.axf elf32-littlearm)
LOAD linker stubs

.debug_info     0x00000000    0x1456a
 .debug_info    0x00000000      0x80f ./xip/evkmimxrt1064_flexspi_nor_config.o
 .debug_info    0x0000080f      0x45e ./xip/fsl_flexspi_nor_boot.o
 .debug_info    0x00000c6d       0xcb ./utilities/fsl_assert.o
 .debug_info    0x00000d38      0xda7 ./utilities/fsl_debug_console.o
 .debug_info    0x00001adf      0xaed ./utilities/fsl_str.o
 .debug_info    0x000025cc     0x1402 ./startup/startup_mimxrt1064.o
 .debug_info    0x000039ce      0x541 ./source/dblcan.o
 .debug_info    0x00003f0f      0x12d ./source/fboot.o
 .debug_info    0x0000403c       0x3d ./source/semihost_hardfault.o
 .debug_info    0x00004079      0x856 ./j1939/j1939.o
 .debug_info    0x000048cf      0x3c8 ./drivers/mtd/eeprom_virtual_W25Q32JV.o
 .debug_info    0x00004c97      0x959 ./drivers/mtd/externalflash_W25Q32JV.o
 .debug_info    0x000055f0      0x2f3 ./drivers/mtd/mtd.o
 .debug_info    0x000058e3     0x2418 ./drivers/fsl_clock.o
 .debug_info    0x00007cfb     0x27f2 ./drivers/fsl_lpuart.o
 .debug_info    0x0000a4ed      0xc28 ./device/system_MIMXRT1064.o
 .debug_info    0x0000b115      0xb96 ./component/uart/fsl_adapter_lpuart.o
 .debug_info    0x0000bcab      0xd49 ./component/serial_manager/fsl_component_serial_manager.o
 .debug_info    0x0000c9f4      0x518 ./component/serial_manager/fsl_component_serial_port_uart.o
 .debug_info    0x0000cf0c     0x1009 ./board/board.o
 .debug_info    0x0000df15     0x1ad1 ./board/clock_config.o
 .debug_info    0x0000f9e6      0x2fd ./arch/arm/rt1064/mach-cansteer_v3/cansteer_v3.o
 .debug_info    0x0000fce3      0x812 C:\Users\PLANTIUM\Documents\MCUXpressoIDE_11.8.0_1165\workspace\CSP_rt1064\Debug\libCSP_rt1064.a(eeprom_virtual.o)
 .debug_info    0x000104f5     0x149b C:\Users\PLANTIUM\Documents\MCUXpressoIDE_11.8.0_1165\workspace\CSP_rt1064\Debug\libCSP_rt1064.a(sflash_W25Q32JV.o)